2026/03/08 01:09:41 loading corpus...
2026/03/08 01:09:42 serving http on http://127.0.0.1:2346
2026/03/08 01:09:42 serving rpc on tcp://[::]:34603
2026/03/08 01:09:42 booting test machines...
2026/03/08 01:09:42 wait for the connection from test machine...
2026/03/08 01:39:44 failed to create instance: can't ssh into the instance
failed to run ["ssh" "-p" "53813" "-F" "/dev/null" "-o" "UserKnownHostsFile=/dev/null" "-o" "BatchMode=yes" "-o" "IdentitiesOnly=yes" "-o" "StrictHostKeyChecking=no" "-o" "ConnectTimeout=10" "-i" "/tmp/bullseye_ai.id_rsa" "root@localhost" "pwd"]: exit status 255
Warning: Permanently added '[localhost]:53813' (ED25519) to the list of known hosts.
Load key "/tmp/bullseye_ai.id_rsa": Permission denied
root@localhost: Permission denied (publickey,password).
qemu-system-x86_64: warning: TCG doesn't support requested feature: CPUID.01H:ECX.pcid [bit 17]
qemu-system-x86_64: warning: TCG doesn't support requested feature: CPUID.01H:ECX.x2apic [bit 21]
qemu-system-x86_64: warning: TCG doesn't support requested feature: CPUID.01H:ECX.tsc-deadline [bit 24]
qemu-system-x86_64: warning: TCG doesn't support requested feature: CPUID.07H:EBX.invpcid [bit 10]
qemu-system-x86_64: warning: TCG doesn't support requested feature: CPUID.07H:EDX.spec-ctrl [bit 26]
qemu-system-x86_64: warning: TCG doesn't support requested feature: CPUID.01H:ECX.pcid [bit 17]
qemu-system-x86_64: warning: TCG doesn't support requested feature: CPUID.01H:ECX.x2apic [bit 21]
qemu-system-x86_64: warning: TCG doesn't support requested feature: CPUID.01H:ECX.tsc-deadline [bit 24]
qemu-system-x86_64: warning: TCG doesn't support requested feature: CPUID.07H:EBX.invpcid [bit 10]
qemu-system-x86_64: warning: TCG doesn't support requested feature: CPUID.07H:EDX.spec-ctrl [bit 26]
[    0.000000][    T0] Linux version 6.1.0-dirty (ai@ai-VMware-Virtual-Platform) (clang version 13.0.1 (https://github.com/seclab-fudan/SyzDirect.git 02c9a6504a757e6cec0f10202624d175aa474d94), GNU ld (GNU Binutils for Ubuntu) 2.42) #1 SMP PREEMPT_DYNAMIC Sun Mar  8 00:48:22 KST 2026
[    0.000000][    T0] Command line: root=/dev/sda console=ttyS0 
[    0.000000][    T0] KERNEL supported cpus:
[    0.000000][    T0]   Intel GenuineIntel
[    0.000000][    T0]   AMD AuthenticAMD
[    0.000000][    T0] x86/fpu: Supporting XSAVE feature 0x001: 'x87 floating point registers'
[    0.000000][    T0] x86/fpu: Supporting XSAVE feature 0x002: 'SSE registers'
[    0.000000][    T0] x86/fpu: Supporting XSAVE feature 0x004: 'AVX registers'
[    0.000000][    T0] x86/fpu: xstate_offset[2]:  576, xstate_sizes[2]:  256
[    0.000000][    T0] x86/fpu: Enabled xstate features 0x7, context size is 832 bytes, using 'standard' format.
[    0.000000][    T0] signal: max sigframe size: 1776
[    0.000000][    T0] BIOS-provided physical RAM map:
[    0.000000][    T0] BIOS-e820: [mem 0x0000000000000000-0x000000000009fbff] usable
[    0.000000][    T0] BIOS-e820: [mem 0x000000000009fc00-0x000000000009ffff] reserved
[    0.000000][    T0] BIOS-e820: [mem 0x00000000000f0000-0x00000000000fffff] reserved
[    0.000000][    T0] BIOS-e820: [mem 0x0000000000100000-0x000000007ffdffff] usable
[    0.000000][    T0] BIOS-e820: [mem 0x000000007ffe0000-0x000000007fffffff] reserved
[    0.000000][    T0] BIOS-e820: [mem 0x00000000fffc0000-0x00000000ffffffff] reserved
[    0.000000][    T0] printk: bootconsole [earlyser0] enabled
[    0.000000][    T0] ERROR: earlyprintk= earlyser already used
[    0.000000][    T0] ERROR: earlyprintk= earlyser already used
[    0.000000][    T0] **********************************************************
[    0.000000][    T0] **   NOTICE NOTICE NOTICE NOTICE NOTICE NOTICE NOTICE   **
[    0.000000][    T0] **                                                      **
[    0.000000][    T0] ** This system shows unhashed kernel memory addresses   **
[    0.000000][    T0] ** via the console, logs, and other interfaces. This    **
[    0.000000][    T0] ** might reduce the security of your system.            **
[    0.000000][    T0] **                                                      **
[    0.000000][    T0] ** If you see this message and you are not debugging    **
[    0.000000][    T0] ** the kernel, report this immediately to your system   **
[    0.000000][    T0] ** administrator!                                       **
[    0.000000][    T0] **                                                      **
[    0.000000][    T0] **   NOTICE NOTICE NOTICE NOTICE NOTICE NOTICE NOTICE   **
[    0.000000][    T0] **********************************************************
[    0.000000][    T0] Malformed early option 'vsyscall'
[    0.000000][    T0] NX (Execute Disable) protection: active
[    0.000000][    T0] SMBIOS 3.0.0 present.
[    0.000000][    T0] DMI: QEMU Ubuntu 24.04 PC (i440FX + PIIX, 1996), BIOS 1.16.3-debian-1.16.3-2 04/01/2014
[    0.000000][    T0] tsc: Fast TSC calibration using PIT
[    0.000000][    T0] tsc: Detected 2995.237 MHz processor
[    0.005107][    T0] last_pfn = 0x7ffe0 max_arch_pfn = 0x400000000
[    0.006583][    T0] x86/PAT: Configuration [0-7]: WB  WC  UC- UC  WB  WP  UC- WT  
[    0.017596][    T0] found SMP MP-table at [mem 0x000f5470-0x000f547f]
[    0.021847][    T0] ACPI: Early table checksum verification disabled
[    0.022274][    T0] ACPI: RSDP 0x00000000000F5290 000014 (v00 BOCHS )
[    0.022660][    T0] ACPI: RSDT 0x000000007FFE1CB3 000034 (v01 BOCHS  BXPC     00000001 BXPC 00000001)
[    0.023291][    T0] ACPI: FACP 0x000000007FFE1B5F 000074 (v01 BOCHS  BXPC     00000001 BXPC 00000001)
[    0.023870][    T0] ACPI: DSDT 0x000000007FFE0040 001B1F (v01 BOCHS  BXPC     00000001 BXPC 00000001)
[    0.024091][    T0] ACPI: FACS 0x000000007FFE0000 000040
[    0.024276][    T0] ACPI: APIC 0x000000007FFE1BD3 000080 (v03 BOCHS  BXPC     00000001 BXPC 00000001)
[    0.024471][    T0] ACPI: HPET 0x000000007FFE1C53 000038 (v01 BOCHS  BXPC     00000001 BXPC 00000001)
[    0.024648][    T0] ACPI: WAET 0x000000007FFE1C8B 000028 (v01 BOCHS  BXPC     00000001 BXPC 00000001)
[    0.024855][    T0] ACPI: Reserving FACP table memory at [mem 0x7ffe1b5f-0x7ffe1bd2]
[    0.025027][    T0] ACPI: Reserving DSDT table memory at [mem 0x7ffe0040-0x7ffe1b5e]
[    0.025167][    T0] ACPI: Reserving FACS table memory at [mem 0x7ffe0000-0x7ffe003f]
[    0.025340][    T0] ACPI: Reserving APIC table memory at [mem 0x7ffe1bd3-0x7ffe1c52]
[    0.025485][    T0] ACPI: Reserving HPET table memory at [mem 0x7ffe1c53-0x7ffe1c8a]
[    0.025613][    T0] ACPI: Reserving WAET table memory at [mem 0x7ffe1c8b-0x7ffe1cb2]
[    0.027064][    T0] No NUMA configuration found
[    0.027186][    T0] Faking a node at [mem 0x0000000000000000-0x000000007ffdffff]
[    0.027782][    T0] Faking node 0 at [mem 0x0000000000000000-0x000000003fffffff] (1024MB)
[    0.028015][    T0] Faking node 1 at [mem 0x0000000040000000-0x000000007ffdffff] (1023MB)
[    0.029006][    T0] NODE_DATA(0) allocated [mem 0x3fffa000-0x3fffffff]
[    0.029634][    T0] NODE_DATA(1) allocated [mem 0x7ffd9000-0x7ffdefff]
[    0.031633][    T0] Zone ranges:
[    0.031735][    T0]   DMA      [mem 0x0000000000001000-0x0000000000ffffff]
[    0.031945][    T0]   DMA32    [mem 0x0000000001000000-0x000000007ffdffff]
[    0.032078][    T0]   Normal   empty
[    0.032174][    T0]   Device   empty
[    0.033683][    T0] Movable zone start for each node
[    0.034259][    T0] Early memory node ranges
[    0.034376][    T0]   node   0: [mem 0x0000000000001000-0x000000000009efff]
[    0.034630][    T0]   node   0: [mem 0x0000000000100000-0x000000003fffffff]
[    0.034769][    T0]   node   1: [mem 0x0000000040000000-0x000000007ffdffff]
[    0.035018][    T0] Initmem setup node 0 [mem 0x0000000000001000-0x000000003fffffff]
[    0.035759][    T0] Initmem setup node 1 [mem 0x0000000040000000-0x000000007ffdffff]
[    0.036406][    T0] On node 0, zone DMA: 1 pages in unavailable ranges
[    0.036599][    T0] On node 0, zone DMA: 97 pages in unavailable ranges
[    0.062363][    T0] On node 1, zone DMA32: 32 pages in unavailable ranges
[    0.063123][    T0] ACPI: PM-Timer IO Port: 0x608
[    0.063819][    T0] ACPI: LAPIC_NMI (acpi_id[0xff] dfl dfl lint[0x1])
[    0.064381][    T0] IOAPIC[0]: apic_id 0, version 32, address 0xfec00000, GSI 0-23
[    0.064653][    T0] ACPI: INT_SRC_OVR (bus 0 bus_irq 0 global_irq 2 dfl dfl)
[    0.064970][    T0] ACPI: INT_SRC_OVR (bus 0 bus_irq 5 global_irq 5 high level)
[    0.065120][    T0] ACPI: INT_SRC_OVR (bus 0 bus_irq 9 global_irq 9 high level)
[    0.065343][    T0] ACPI: INT_SRC_OVR (bus 0 bus_irq 10 global_irq 10 high level)
[    0.065499][    T0] ACPI: INT_SRC_OVR (bus 0 bus_irq 11 global_irq 11 high level)
[    0.065804][    T0] ACPI: Using ACPI (MADT) for SMP configuration information
[    0.065964][    T0] ACPI: HPET id: 0x8086a201 base: 0xfed00000
[    0.066280][    T0] smpboot: Allowing 2 CPUs, 0 hotplug CPUs
[    0.067014][    T0] PM: hibernation: Registered nosave memory: [mem 0x00000000-0x00000fff]
[    0.067214][    T0] PM: hibernation: Registered nosave memory: [mem 0x0009f000-0x0009ffff]
[    0.067406][    T0] PM: hibernation: Registered nosave memory: [mem 0x000a0000-0x000effff]
[    0.067542][    T0] PM: hibernation: Registered nosave memory: [mem 0x000f0000-0x000fffff]
[    0.067763][    T0] [mem 0x80000000-0xfffbffff] available for PCI devices
[    0.067915][    T0] Booting paravirtualized kernel on bare hardware
[    0.068335][    T0] clocksource: refined-jiffies: mask: 0xffffffff max_cycles: 0xffffffff, max_idle_ns: 19112604462750000 ns
[    0.091734][    T0] setup_percpu: NR_CPUS:8 nr_cpumask_bits:2 nr_cpu_ids:2 nr_node_ids:2
[    0.093892][    T0] percpu: Embedded 57 pages/cpu s193096 r8192 d32184 u2097152
[    0.098149][    T0] Fallback order for Node 0: 0 1 
[    0.098394][    T0] Fallback order for Node 1: 1 0 
[    0.098665][    T0] Built 2 zonelists, mobility grouping on.  Total pages: 515808
[    0.098810][    T0] Policy zone: DMA32
[    0.099071][    T0] Kernel command line: earlyprintk=serial net.ifnames=0 sysctl.kernel.hung_task_all_cpu_backtrace=1 ima_policy=tcb nf-conntrack-ftp.ports=20000 nf-conntrack-tftp.ports=20000 nf-conntrack-sip.ports=20000 nf-conntrack-irc.ports=20000 nf-conntrack-sane.ports=20000 binder.debug_mask=0 rcupdate.rcu_expedited=1 no_hash_pointers page_owner=on sysctl.vm.nr_hugepages=4 sysctl.vm.nr_overcommit_hugepages=4 secretmem.enable=1 sysctl.max_rcu_stall_to_panic=1 root=/dev/sda console=ttyS0 vsyscall=native numa=fake=2 kvm-intel.nested=1 spec_store_bypass_disable=prctl nopcid vivid.n_devs=16 vivid.multiplanar=1,2,1,2,1,2,1,2,1,2,1,2,1,2,1,2 netrom.nr_ndevs=16 rose.rose_ndevs=16 dummy_hcd.num=8 watchdog_thresh=55 workqueue.watchdog_thresh=140 sysctl.net.core.netdev_unregister_timeout_secs=140 panic_on_warn=1 root=/dev/sda console=ttyS0 
[    0.104209][    T0] Unknown kernel command line parameters "spec_store_bypass_disable=prctl", will be passed to user space.
[    0.107153][    T0] random: crng init done
[    0.109306][    T0] mem auto-init: stack:off, heap alloc:on, heap free:off
[    0.109783][    T0] stackdepot hash table entries: 131072 (order: 8, 1048576 bytes, linear)
[    0.129926][    T0] Memory: 1952808K/2096632K available (43035K kernel code, 6849K rwdata, 15500K rodata, 1508K init, 22760K bss, 143568K reserved, 0K cma-reserved)
[    0.134715][    T0] SLUB: HWalign=64, Order=0-3, MinObjects=0, CPUs=2, Nodes=2
[    0.141917][    T0] Dynamic Preempt: full
[    0.145213][    T0] Running RCU self tests
[    0.146115][    T0] rcu: Preemptible hierarchical RCU implementation.
[    0.146257][    T0] rcu: 	RCU lockdep checking is enabled.
[    0.146358][    T0] rcu: 	RCU restricting CPUs from NR_CPUS=8 to nr_cpu_ids=2.
[    0.146548][    T0] rcu: 	RCU debug extended QS entry/exit.
[    0.146670][    T0] 	All grace periods are expedited (rcu_expedited).
[    0.146814][    T0] 	Trampoline variant of Tasks RCU enabled.
[    0.146918][    T0] 	Tracing variant of Tasks RCU enabled.
[    0.147069][    T0] rcu: RCU calculated value of scheduler-enlistment delay is 10 jiffies.
[    0.147214][    T0] rcu: Adjusting geometry for rcu_fanout_leaf=16, nr_cpu_ids=2
[    0.164342][    T0] NR_IRQS: 4352, nr_irqs: 440, preallocated irqs: 16
[    0.169407][    T0] rcu: srcu_init: Setting srcu_struct sizes based on contention.
[    0.174578][    T0] kfence: initialized - using 2097152 bytes for 255 objects at 0xffff88807ea00000-0xffff88807ec00000
[    0.179820][    T0] Console: colour VGA+ 80x25
[    0.181207][    T0] printk: console [ttyS0] enabled
[    0.181207][    T0] printk: console [ttyS0] enabled
[    0.181710][    T0] printk: bootconsole [earlyser0] disabled
[    0.181710][    T0] printk: bootconsole [earlyser0] disabled
[    0.181981][    T0] Lock dependency validator: Copyright (c) 2006 Red Hat, Inc., Ingo Molnar
[    0.182132][    T0] ... MAX_LOCKDEP_SUBCLASSES:  8
[    0.182222][    T0] ... MAX_LOCK_DEPTH:          48
[    0.182314][    T0] ... MAX_LOCKDEP_KEYS:        8192
[    0.182409][    T0] ... CLASSHASH_SIZE:          4096
[    0.182509][    T0] ... MAX_LOCKDEP_ENTRIES:     65536
[    0.182603][    T0] ... MAX_LOCKDEP_CHAINS:      131072
[    0.182697][    T0] ... CHAINHASH_SIZE:          65536
[    0.182790][    T0]  memory used by lock dependency info: 11129 kB
[    0.183041][    T0]  memory used for stack traces: 8320 kB
[    0.183351][    T0]  per task-struct memory footprint: 1920 bytes
[    0.185275][    T0] mempolicy: Enabling automatic NUMA balancing. Configure with numa_balancing= or the kernel.numa_balancing sysctl
[    0.185659][    T0] ACPI: Core revision 20220331
[    0.190781][    T0] clocksource: hpet: mask: 0xffffffff max_cycles: 0xffffffff, max_idle_ns: 19112604467 ns
[    0.194238][    T0] APIC: Switch to symmetric I/O mode setup
[    0.197861][    T0] ..TIMER: vector=0x30 apic1=0 pin1=2 apic2=-1 pin2=-1
[    0.243999][    T0] clocksource: tsc-early: mask: 0xffffffffffffffff max_cycles: 0x2b2cb247984, max_idle_ns: 440795326394 ns
[    0.244671][    T0] Calibrating delay loop (skipped), value calculated using timer frequency.. 5990.47 BogoMIPS (lpj=29952370)
[    0.245068][    T0] pid_max: default: 32768 minimum: 301
[    0.246356][    T0] LSM: Security Framework initializing
[    0.247218][    T0] landlock: Up and running.
[    0.247326][    T0] Yama: becoming mindful.
[    0.248336][    T0] TOMOYO Linux initialized
[    0.251065][    T0] AppArmor: AppArmor initialized
[    0.251230][    T0] LSM support for eBPF active
[    0.254903][    T0] Dentry cache hash table entries: 262144 (order: 9, 2097152 bytes, vmalloc)
[    0.255440][    T0] Inode-cache hash table entries: 131072 (order: 8, 1048576 bytes, vmalloc)
[    0.256326][    T0] Mount-cache hash table entries: 4096 (order: 3, 32768 bytes, vmalloc)
[    0.256770][    T0] Mountpoint-cache hash table entries: 4096 (order: 3, 32768 bytes, vmalloc)
[    0.281144][    T0] Last level iTLB entries: 4KB 0, 2MB 0, 4MB 0
[    0.281301][    T0] Last level dTLB entries: 4KB 0, 2MB 0, 4MB 0, 1GB 0
[    0.281668][    T0] Spectre V1 : Mitigation: usercopy/swapgs barriers and __user pointer sanitization
[    0.282039][    T0] Spectre V2 : Kernel not compiled with retpoline; no mitigation available!
[    0.282065][    T0] Spectre V2 : Vulnerable
[    0.282286][    T0] Spectre V2 : Spectre v2 / SpectreRSB mitigation: Filling RSB on context switch
[    0.282578][    T0] Speculative Store Bypass: Vulnerable
[    0.282930][    T0] MDS: Vulnerable: Clear CPU buffers attempted, no microcode
[    0.283080][    T0] MMIO Stale Data: Unknown: No mitigations
[    0.283219][    T0] SRBDS: Unknown: Dependent on hypervisor status
[    0.289635][    T0] Freeing SMP alternatives memory: 128K
[    0.423246][    T1] smpboot: CPU0: Intel Core Processor (Haswell, no TSX, IBRS) (family: 0x6, model: 0x3c, stepping: 0x1)
[    0.428862][    T1] cblist_init_generic: Setting adjustable number of callback queues.
[    0.429261][    T1] cblist_init_generic: Setting shift to 1 and lim to 1.
[    0.431528][    T1] cblist_init_generic: Setting shift to 1 and lim to 1.
[    0.432639][    T1] Running RCU-tasks wait API self tests
[    0.545992][    T1] Performance Events: unsupported p6 CPU model 60 no PMU driver, software events only.
[    0.552121][    T1] rcu: Hierarchical SRCU implementation.
[    0.552301][    T1] rcu: 	Max phase no-delay instances is 1000.
[    0.564726][   T14] Callback from call_rcu_tasks_trace() invoked.
[    0.567396][    T1] NMI watchdog: Perf NMI watchdog permanently disabled
[    0.570309][    T1] smp: Bringing up secondary CPUs ...
[    0.576437][    T1] x86: Booting SMP configuration:
[    0.576647][    T1] .... node  #1, CPUs:      #1
[    0.586433][    T1] smp: Brought up 2 nodes, 2 CPUs
[    0.586433][    T1] smpboot: Max logical packages: 1
[    0.586433][    T1] smpboot: Total of 2 processors activated (11980.94 BogoMIPS)
[    0.648210][    T1] allocated 33554432 bytes of page_ext
[    0.651647][    T1] Node 0, zone      DMA: page owner found early allocated 0 pages
[    0.661974][    T1] Node 0, zone    DMA32: page owner found early allocated 5277 pages
[    0.673685][    T1] Node 1, zone    DMA32: page owner found early allocated 4959 pages
[    0.689766][    T1] devtmpfs: initialized
[    0.694586][    T1] x86/mm: Memory block size: 128MB
[    0.721146][    T1] clocksource: jiffies: mask: 0xffffffff max_cycles: 0xffffffff, max_idle_ns: 19112604462750000 ns
[    0.721146][    T1] futex hash table entries: 512 (order: 4, 65536 bytes, vmalloc)
[    0.734600][    T1] PM: RTC time: 16:09:44, date: 2026-03-07
[    0.765152][   T13] Callback from call_rcu_tasks() invoked.
[    0.781239][    T1] NET: Registered PF_NETLINK/PF_ROUTE protocol family
[    0.790124][    T1] audit: initializing netlink subsys (disabled)
[    0.799498][    T1] thermal_sys: Registered thermal governor 'step_wise'
[    0.799567][    T1] thermal_sys: Registered thermal governor 'user_space'
[    0.800803][   T30] audit: type=2000 audit(1772899783.590:1): state=initialized audit_enabled=0 res=1
[    0.801369][    T1] cpuidle: using governor menu
[    0.801807][    T1] NET: Registered PF_QIPCRTR protocol family
[    0.812601][    T1] PCI: Using configuration type 1 for base access
[    0.818751][    T1] mtrr: your CPUs had inconsistent fixed MTRR settings
[    0.818979][    T1] mtrr: your CPUs had inconsistent variable MTRR settings
[    0.819175][    T1] mtrr: your CPUs had inconsistent MTRRdefType settings
[    0.819348][    T1] mtrr: probably your BIOS does not setup all CPUs.
[    0.819541][    T1] mtrr: corrected configuration.
[    1.097209][    T1] HugeTLB: registered 2.00 MiB page size, pre-allocated 0 pages
[    1.097209][    T1] HugeTLB: 28 KiB vmemmap can be freed for a 2.00 MiB page
[    1.135355][    T1] cryptd: max_cpu_qlen set to 1000
[    1.141548][    T1] raid6: skipped pq benchmark and selected avx2x4
[    1.141548][    T1] raid6: using avx2x2 recovery algorithm
[    1.147604][    T1] ACPI: Added _OSI(Module Device)
[    1.148267][    T1] ACPI: Added _OSI(Processor Device)
[    1.148496][    T1] ACPI: Added _OSI(3.0 _SCP Extensions)
[    1.148823][    T1] ACPI: Added _OSI(Processor Aggregator Device)
[    1.187347][    T1] ACPI: 1 ACPI AML tables successfully acquired and loaded
[    1.216025][    T1] ACPI: Interpreter enabled
[    1.220312][    T1] ACPI: PM: (supports S0 S3 S4 S5)
[    1.220603][    T1] ACPI: Using IOAPIC for interrupt routing
[    1.221465][    T1] PCI: Using host bridge windows from ACPI; if necessary, use "pci=nocrs" and report a bug
[    1.223830][    T1] PCI: Using E820 reservations for host bridge windows
[    1.226173][    T1] ACPI: Enabled 2 GPEs in block 00 to 0F
[    1.361752][    T1] ACPI: PCI Root Bridge [PCI0] (domain 0000 [bus 00-ff])
[    1.362673][    T1] acpi PNP0A03:00: _OSC: OS supports [ASPM ClockPM Segments MSI HPX-Type3]
[    1.363034][    T1] acpi PNP0A03:00: _OSC: not requesting OS control; OS requires [ExtendedConfig ASPM ClockPM MSI]
[    1.364145][    T1] acpi PNP0A03:00: fail to add MMCONFIG information, can't access extended PCI configuration space under this bridge.
[    1.371054][    T1] PCI host bridge to bus 0000:00
[    1.371229][    T1] pci_bus 0000:00: Unknown NUMA node; performance will be reduced
[    1.371541][    T1] pci_bus 0000:00: root bus resource [io  0x0000-0x0cf7 window]
[    1.371801][    T1] pci_bus 0000:00: root bus resource [io  0x0d00-0xffff window]
[    1.371961][    T1] pci_bus 0000:00: root bus resource [mem 0x000a0000-0x000bffff window]
[    1.372132][    T1] pci_bus 0000:00: root bus resource [mem 0x80000000-0xfebfffff window]
[    1.372304][    T1] pci_bus 0000:00: root bus resource [mem 0x100000000-0x17fffffff window]
[    1.372601][    T1] pci_bus 0000:00: root bus resource [bus 00-ff]
[    1.374526][    T1] pci 0000:00:00.0: [8086:1237] type 00 class 0x060000
[    1.380175][    T1] pci 0000:00:01.0: [8086:7000] type 00 class 0x060100
[    1.383257][    T1] pci 0000:00:01.1: [8086:7010] type 00 class 0x010180
[    1.388580][    T1] pci 0000:00:01.1: reg 0x20: [io  0xc060-0xc06f]
[    1.389898][    T1] pci 0000:00:01.1: legacy IDE quirk: reg 0x10: [io  0x01f0-0x01f7]
[    1.390104][    T1] pci 0000:00:01.1: legacy IDE quirk: reg 0x14: [io  0x03f6]
[    1.390333][    T1] pci 0000:00:01.1: legacy IDE quirk: reg 0x18: [io  0x0170-0x0177]
[    1.392559][    T1] pci 0000:00:01.1: legacy IDE quirk: reg 0x1c: [io  0x0376]
[    1.395986][    T1] pci 0000:00:01.3: [8086:7113] type 00 class 0x068000
[    1.400016][    T1] pci 0000:00:01.3: quirk: [io  0x0600-0x063f] claimed by PIIX4 ACPI
[    1.400321][    T1] pci 0000:00:01.3: quirk: [io  0x0700-0x070f] claimed by PIIX4 SMB
[    1.402275][    T1] pci 0000:00:02.0: [1234:1111] type 00 class 0x030000
[    1.403093][    T1] pci 0000:00:02.0: reg 0x10: [mem 0xfd000000-0xfdffffff pref]
[    1.404572][    T1] pci 0000:00:02.0: reg 0x18: [mem 0xfebb0000-0xfebb0fff]
[    1.406651][    T1] pci 0000:00:02.0: reg 0x30: [mem 0xfeba0000-0xfebaffff pref]
[    1.407073][    T1] pci 0000:00:02.0: Video device with shadowed ROM at [mem 0x000c0000-0x000dffff]
[    1.409680][    T1] pci 0000:00:03.0: [1af4:1005] type 00 class 0x00ff00
[    1.410833][    T1] pci 0000:00:03.0: reg 0x10: [io  0xc040-0xc05f]
[    1.412244][    T1] pci 0000:00:03.0: reg 0x14: [mem 0xfebb1000-0xfebb1fff]
[    1.415647][    T1] pci 0000:00:03.0: reg 0x20: [mem 0xfe000000-0xfe003fff 64bit pref]
[    1.433281][    T1] pci 0000:00:04.0: [8086:100e] type 00 class 0x020000
[    1.434035][    T1] pci 0000:00:04.0: reg 0x10: [mem 0xfeb80000-0xfeb9ffff]
[    1.434658][    T1] pci 0000:00:04.0: reg 0x14: [io  0xc000-0xc03f]
[    1.438192][    T1] pci 0000:00:04.0: reg 0x30: [mem 0xfeb00000-0xfeb7ffff pref]
[    1.469991][    T1] ACPI: PCI: Interrupt link LNKA configured for IRQ 10
[    1.472555][    T1] ACPI: PCI: Interrupt link LNKB configured for IRQ 10
[    1.474830][    T1] ACPI: PCI: Interrupt link LNKC configured for IRQ 11
[    1.477832][    T1] ACPI: PCI: Interrupt link LNKD configured for IRQ 11
[    1.478540][    T1] ACPI: PCI: Interrupt link LNKS configured for IRQ 9
[    1.486224][    T1] iommu: Default domain type: Translated 
[    1.486224][    T1] iommu: DMA domain TLB invalidation policy: lazy mode 
[    1.495807][    T1] SCSI subsystem initialized
[    1.496881][    T1] ACPI: bus type USB registered
[    1.497626][    T1] usbcore: registered new interface driver usbfs
[    1.498402][    T1] usbcore: registered new interface driver hub
[    1.498798][    T1] usbcore: registered new device driver usb
[    1.500633][    T1] mc: Linux media interface: v0.10
[    1.500984][    T1] videodev: Linux video capture interface: v2.00
[    1.504718][    T1] pps_core: LinuxPPS API ver. 1 registered
[    1.504883][    T1] pps_core: Software ver. 5.3.6 - Copyright 2005-2007 Rodolfo Giometti <giometti@linux.it>
[    1.506162][    T1] PTP clock support registered
[    1.540852][    T1] EDAC MC: Ver: 3.0.0
[    1.546375][    T1] Advanced Linux Sound Architecture Driver Initialized.
[    1.556302][    T1] Bluetooth: Core ver 2.22
[    1.556761][    T1] NET: Registered PF_BLUETOOTH protocol family
[    1.556925][    T1] Bluetooth: HCI device and connection manager initialized
[    1.557273][    T1] Bluetooth: HCI socket layer initialized
[    1.557553][    T1] Bluetooth: L2CAP socket layer initialized
[    1.557936][    T1] Bluetooth: SCO socket layer initialized
[    1.558311][    T1] NET: Registered PF_ATMPVC protocol family
[    1.558446][    T1] NET: Registered PF_ATMSVC protocol family
[    1.559364][    T1] NetLabel: Initializing
[    1.559494][    T1] NetLabel:  domain hash size = 128
[    1.559620][    T1] NetLabel:  protocols = UNLABELED CIPSOv4 CALIPSO
[    1.560719][    T1] NetLabel:  unlabeled traffic allowed by default
[    1.567460][    T1] nfc: nfc_init: NFC Core ver 0.1
[    1.568014][    T1] NET: Registered PF_NFC protocol family
[    1.568364][    T1] PCI: Using ACPI for IRQ routing
[    1.569610][    T1] pci 0000:00:02.0: vgaarb: setting as boot VGA device
[    1.569610][    T1] pci 0000:00:02.0: vgaarb: bridge control possible
[    1.569610][    T1] pci 0000:00:02.0: vgaarb: VGA device added: decodes=io+mem,owns=io+mem,locks=none
[    1.569610][    T1] vgaarb: loaded
[    1.575149][    T1] hpet0: at MMIO 0xfed00000, IRQs 2, 8, 0
[    1.575455][    T1] hpet0: 3 comparators, 64-bit 100.000000 MHz counter
[    1.582311][    T1] clocksource: Switched to clocksource tsc-early
[    1.610883][    T1] VFS: Disk quotas dquot_6.6.0
[    1.611507][    T1] VFS: Dquot-cache hash table entries: 512 (order 0, 4096 bytes)
[    1.613135][    T1] FS-Cache: Loaded
[    1.625763][    T1] CacheFiles: Loaded
[    1.628145][    T1] TOMOYO: 2.6.0
[    1.628538][    T1] Mandatory Access Control activated.
[    1.634129][    T1] AppArmor: AppArmor Filesystem Enabled
[    1.652298][    T1] pnp: PnP ACPI init
[    1.662984][    T1] pnp: PnP ACPI: found 6 devices
[    1.773110][    T1] clocksource: acpi_pm: mask: 0xffffff max_cycles: 0xffffff, max_idle_ns: 2085701024 ns
[    1.775195][    T1] NET: Registered PF_INET protocol family
[    1.777997][    T1] IP idents hash table entries: 32768 (order: 6, 262144 bytes, vmalloc)
[    1.803632][    T1] tcp_listen_portaddr_hash hash table entries: 1024 (order: 4, 73728 bytes, vmalloc)
[    1.805273][    T1] Table-perturb hash table entries: 65536 (order: 6, 262144 bytes, vmalloc)
[    1.807084][    T1] TCP established hash table entries: 16384 (order: 5, 131072 bytes, vmalloc)
[    1.818926][    T1] TCP bind hash table entries: 16384 (order: 9, 2359296 bytes, vmalloc)
[    1.823361][    T1] TCP: Hash tables configured (established 16384 bind 16384)
[    1.827384][    T1] MPTCP token hash table entries: 2048 (order: 5, 180224 bytes, vmalloc)
[    1.828908][    T1] UDP hash table entries: 1024 (order: 5, 163840 bytes, vmalloc)
[    1.830392][    T1] UDP-Lite hash table entries: 1024 (order: 5, 163840 bytes, vmalloc)
[    1.833137][    T1] NET: Registered PF_UNIX/PF_LOCAL protocol family
[    1.841989][    T1] RPC: Registered named UNIX socket transport module.
[    1.842677][    T1] RPC: Registered udp transport module.
[    1.843156][    T1] RPC: Registered tcp transport module.
[    1.843598][    T1] RPC: Registered tcp NFSv4.1 backchannel transport module.
[    1.859146][    T1] NET: Registered PF_XDP protocol family
[    1.860295][    T1] pci_bus 0000:00: resource 4 [io  0x0000-0x0cf7 window]
[    1.860435][    T1] pci_bus 0000:00: resource 5 [io  0x0d00-0xffff window]
[    1.860542][    T1] pci_bus 0000:00: resource 6 [mem 0x000a0000-0x000bffff window]
[    1.860674][    T1] pci_bus 0000:00: resource 7 [mem 0x80000000-0xfebfffff window]
[    1.860790][    T1] pci_bus 0000:00: resource 8 [mem 0x100000000-0x17fffffff window]
[    1.861958][    T1] pci 0000:00:01.0: PIIX3: Enabling Passive Release
[    1.862693][    T1] pci 0000:00:00.0: Limiting direct PCI/PCI transfers
[    1.863000][    T1] PCI: CLS 0 bytes, default 64
[    1.875056][    T1] ACPI: bus type thunderbolt registered
[    1.900270][   T62] kworker/u6:1 (62) used greatest stack depth: 13640 bytes left
[    1.902140][    T1] RAPL PMU: API unit is 2^-32 Joules, 0 fixed counters, 10737418240 ms ovfl timer
[    1.908643][   T65] kworker/u5:2 (65) used greatest stack depth: 12832 bytes left
[    2.916031][   T29] tsc: Refined TSC clocksource calibration: 2995.201 MHz
[    2.916704][   T29] clocksource: tsc: mask: 0xffffffffffffffff max_cycles: 0x2b2c8fb17c7, max_idle_ns: 440795243548 ns
[    2.917191][   T29] clocksource: Switched to clocksource tsc
[    3.655998][    T1] Initialise system trusted keyrings
[    3.662907][    T1] workingset: timestamp_bits=40 max_order=19 bucket_order=0
[    3.725338][    T1] zbud: loaded
[    3.743111][    T1] DLM installed
[    3.755536][    T1] squashfs: version 4.0 (2009/01/31) Phillip Lougher
[    3.770129][    T1] NFS: Registering the id_resolver key type
[    3.770622][    T1] Key type id_resolver registered
[    3.770833][    T1] Key type id_legacy registered
[    3.771621][    T1] nfs4filelayout_init: NFSv4 File Layout Driver Registering...
[    3.772236][    T1] nfs4flexfilelayout_init: NFSv4 Flexfile Layout Driver Registering...
[    3.796058][    T1] Key type cifs.spnego registered
[    3.796558][    T1] Key type cifs.idmap registered
[    3.797479][    T1] ntfs: driver 2.1.32 [Flags: R/W].
[    3.799140][    T1] efs: 1.0a - http://aeschi.ch.eu.org/efs/
[    3.799765][    T1] jffs2: version 2.2. (NAND) (SUMMARY)  © 2001-2006 Red Hat, Inc.
[    3.804199][    T1] romfs: ROMFS MTD (C) 2007 Red Hat, Inc.
[    3.805504][    T1] QNX4 filesystem 0.2.3 registered.
[    3.806113][    T1] qnx6: QNX6 filesystem 1.0.0 registered.
[    3.808375][    T1] fuse: init (API version 7.37)
[    3.816649][    T1] orangefs_debugfs_init: called with debug mask: :none: :0:
[    3.817907][    T1] orangefs_init: module version upstream loaded
[    3.820812][    T1] JFS: nTxBlock = 8192, nTxLock = 65536
[    3.873626][    T1] SGI XFS with ACLs, security attributes, realtime, quota, fatal assert, debug enabled
[    3.887485][    T1] 9p: Installing v9fs 9p2000 file system support
[    3.889977][    T1] NILFS version 2 loaded
[    3.890119][    T1] befs: version: 0.9.3
[    3.891909][    T1] ocfs2: Registered cluster interface o2cb
[    3.895757][    T1] ocfs2: Registered cluster interface user
[    3.897049][    T1] OCFS2 User DLM kernel interface loaded
[    3.912984][    T1] gfs2: GFS2 installed
[    3.933324][    T1] ceph: loaded (mds proto 32)
[    3.955531][    T1] NET: Registered PF_ALG protocol family
[    3.956104][    T1] xor: automatically using best checksumming function   avx       
[    3.956606][    T1] async_tx: api initialized (async)
[    3.956837][    T1] Key type asymmetric registered
[    3.957088][    T1] Asymmetric key parser 'x509' registered
[    3.957325][    T1] Asymmetric key parser 'pkcs8' registered
[    3.957468][    T1] Key type pkcs7_test registered
[    3.969287][    T1] alg: self-tests for CTR-KDF (hmac(sha256)) passed
[    3.970876][    T1] Block layer SCSI generic (bsg) driver version 0.4 loaded (major 240)
[    3.973858][    T1] io scheduler mq-deadline registered
[    3.974010][    T1] io scheduler kyber registered
[    3.974329][    T1] io scheduler bfq registered
[    4.017060][    T1] input: Power Button as /devices/LNXSYSTM:00/LNXPWRBN:00/input/input0
[    4.028295][    T1] ACPI: button: Power Button [PWRF]
[    5.241695][    T1] ACPI: \_SB_.LNKC: Enabled at IRQ 11
[    6.173536][    T1] N_HDLC line discipline registered with maxframe=4096
[    6.174080][    T1] Serial: 8250/16550 driver, 4 ports, IRQ sharing enabled
[    6.185880][    T1] 00:04: ttyS0 at I/O 0x3f8 (irq = 4, base_baud = 115200) is a 16550A
[    6.235212][    T1] Non-volatile memory driver v1.3
[    6.247113][    T1] Linux agpgart interface v0.103
[    6.262788][    T1] ACPI: bus type drm_connector registered
[    6.275685][    T1] [drm] Initialized vgem 1.0.0 20120112 for vgem on minor 0
[    6.292945][    T1] [drm] Initialized vkms 1.0.0 20180514 for vkms on minor 1
[    6.425938][    T1] Console: switching to colour frame buffer device 128x48
[    6.443600][    T1] platform vkms: [drm] fb0: vkmsdrmfb frame buffer device
[    6.445956][    T1] usbcore: registered new interface driver udl
[    6.447447][    T1] bochs-drm 0000:00:02.0: vgaarb: deactivate vga console
[    6.451035][    T1] [drm] Found bochs VGA, ID 0xb0c5.
[    6.451724][    T1] [drm] Framebuffer size 16384 kB @ 0xfd000000, mmio @ 0xfebb0000.
[    6.459130][    T1] [drm] Found EDID data blob.
[    6.466034][    T1] [drm] Initialized bochs-drm 1.0.0 20130925 for 0000:00:02.0 on minor 2
[    6.502577][    T1] fbcon: bochs-drmdrmfb (fb1) is primary device
[    6.502660][    T1] fbcon: Remapping primary device, fb1, to tty 1-63
[    7.376129][    T1] bochs-drm 0000:00:02.0: [drm] fb1: bochs-drmdrmfb frame buffer device
[    7.404218][   T61] Floppy drive(s): fd0 is 2.88M AMI BIOS
[    7.441577][   T61] FDC 0 is a S82078B
[    7.566972][    T1] brd: module loaded
[    7.721487][    T1] loop: module loaded
[    7.975632][    T1] zram: Added device: zram0
[    7.998475][    T1] null_blk: disk nullb0 created
[    7.998685][    T1] null_blk: module loaded
[    7.999570][    T1] Guest personality initialized and is inactive
[    8.002296][    T1] VMCI host device registered (name=vmci, major=10, minor=119)
[    8.002509][    T1] Initialized host personality
[    8.003302][    T1] usbcore: registered new interface driver rtsx_usb
[    8.008781][    T1] usbcore: registered new interface driver viperboard
[    8.010126][    T1] usbcore: registered new interface driver dln2
[    8.012222][    T1] usbcore: registered new interface driver pn533_usb
[    8.033289][    T1] nfcsim 0.2 initialized
[    8.034321][    T1] usbcore: registered new interface driver port100
[    8.037170][    T1] usbcore: registered new interface driver nfcmrvl
[    8.048572][    T1] Loading iSCSI transport class v2.0-870.
[    8.084263][    T1] st: Version 20160209, fixed bufsize 32768, s/g segs 256
[    8.182234][    T1] scsi host0: ata_piix
[    8.191807][    T1] scsi host1: ata_piix
[    8.194127][    T1] ata1: PATA max MWDMA2 cmd 0x1f0 ctl 0x3f6 bmdma 0xc060 irq 14
[    8.194381][    T1] ata2: PATA max MWDMA2 cmd 0x170 ctl 0x376 bmdma 0xc068 irq 15
[    8.215894][    T1] Rounding down aligned max_sectors from 4294967295 to 4294967288
[    8.217907][    T1] db_root: cannot open: /etc/target
[    8.220570][    T1] slram: not enough parameters.
[    8.233879][    T1] ftl_cs: FTL header not found.
[    8.299028][    T1] wireguard: WireGuard 1.0.0 loaded. See www.wireguard.com for information.
[    8.300114][    T1] wireguard: Copyright (C) 2015-2019 Jason A. Donenfeld <Jason@zx2c4.com>. All Rights Reserved.
[    8.300521][    T1] eql: Equalizer2002: Simon Janes (simon@ncm.com) and David S. Miller (davem@redhat.com)
[    8.320309][    T1] MACsec IEEE 802.1AE
[    8.353065][    T1] tun: Universal TUN/TAP device driver, 1.6
[    8.358377][    T1] vcan: Virtual CAN interface driver
[    8.359177][    T1] vxcan: Virtual CAN Tunnel driver
[    8.360212][    T1] slcan: serial line CAN interface driver
[    8.360917][    T1] CAN device driver interface
[    8.364196][    T1] usbcore: registered new interface driver usb_8dev
[    8.365853][ T1002] ata2: found unknown device (class 0)
[    8.369811][  T997] ata1: found unknown device (class 0)
[    8.374674][    T1] usbcore: registered new interface driver ems_usb
[    8.378912][    T1] usbcore: registered new interface driver gs_usb
[    8.379351][    T1] usbcore: registered new interface driver kvaser_usb
[    8.379635][    T1] usbcore: registered new interface driver mcba_usb
[    8.379876][    T1] usbcore: registered new interface driver peak_usb
[    8.380614][    T1] e100: Intel(R) PRO/100 Network Driver
[    8.380723][    T1] e100: Copyright(c) 1999-2006 Intel Corporation
[    8.381088][    T1] e1000: Intel(R) PRO/1000 Network Driver
[    8.381212][    T1] e1000: Copyright (c) 1999-2006 Intel Corporation.
[    8.387413][ T1002] ata2.00: ATAPI: QEMU DVD-ROM, 2.5+, max UDMA/100
[    8.390407][  T997] ata1.00: ATA-7: QEMU HARDDISK, 2.5+, max UDMA/100
[    8.390990][  T997] ata1.00: 4194304 sectors, multi 16: LBA48 
[    8.418573][   T61] scsi 0:0:0:0: Direct-Access     ATA      QEMU HARDDISK    2.5+ PQ: 0 ANSI: 5
[    8.432930][ T1047] sd 0:0:0:0: [sda] 4194304 512-byte logical blocks: (2.15 GB/2.00 GiB)
[    8.433942][ T1047] sd 0:0:0:0: [sda] Write Protect is off
[    8.435292][ T1047] sd 0:0:0:0: [sda] Write cache: enabled, read cache: enabled, doesn't support DPO or FUA
[    8.440078][ T1047] sd 0:0:0:0: [sda] Preferred minimum I/O size 512 bytes
[    8.443882][   T61] sd 0:0:0:0: Attached scsi generic sg0 type 0
[    8.459406][   T32] scsi 1:0:0:0: CD-ROM            QEMU     QEMU DVD-ROM     2.5+ PQ: 0 ANSI: 5
[    8.606063][ T1047] sd 0:0:0:0: [sda] Attached SCSI disk
[    8.689752][   T32] sr 1:0:0:0: [sr0] scsi3-mmc drive: 4x/4x cd/rw xa/form2 tray
[    8.690514][   T32] cdrom: Uniform CD-ROM driver Revision: 3.20
[    8.798072][   T32] sr 1:0:0:0: Attached scsi generic sg1 type 5
[    9.723080][    T1] ACPI: \_SB_.LNKD: Enabled at IRQ 10
[   10.198034][    T1] e1000 0000:00:04.0 eth0: (PCI:33MHz:32-bit) 52:54:00:12:34:56
[   10.199287][    T1] e1000 0000:00:04.0 eth0: Intel(R) PRO/1000 Network Connection
[   10.203672][    T1] e1000e: Intel(R) PRO/1000 Network Driver
[   10.203804][    T1] e1000e: Copyright(c) 1999 - 2015 Intel Corporation.
[   10.215106][    T1] mkiss: AX.25 Multikiss, Hans Albas PE1AYX
[   10.215347][    T1] AX.25: 6pack driver, Revision: 0.3.0
[   10.215635][    T1] AX.25: bpqether driver version 004
[   10.215733][    T1] PPP generic driver version 2.4.2
[   10.217808][    T1] PPP BSD Compression module registered
[   10.218462][    T1] PPP Deflate Compression module registered
[   10.218848][    T1] PPP MPPE Compression module registered
[   10.219322][    T1] NET: Registered PF_PPPOX protocol family
[   10.219869][    T1] PPTP driver version 0.8.5
[   10.223255][    T1] SLIP: version 0.8.4-NET3.019-NEWTTY (dynamic channels, max=256) (6 bit encapsulation enabled).
[   10.223708][    T1] CSLIP: code copyright 1989 Regents of the University of California.
[   10.223863][    T1] SLIP linefill/keepalive option.
[   10.224018][    T1] hdlc: HDLC support module revision 1.22
[   10.227557][    T1] LAPB Ethernet driver version 0.02
[   10.230300][    T1] usbcore: registered new interface driver ath9k_htc
[   10.231668][    T1] usbcore: registered new interface driver carl9170
[   10.233018][    T1] usbcore: registered new interface driver ath6kl_usb
[   10.234012][    T1] usbcore: registered new interface driver ar5523
[   10.236860][    T1] usbcore: registered new interface driver ath10k_usb
[   10.252103][    T1] usbcore: registered new interface driver rndis_wlan
[   10.253858][    T1] mac80211_hwsim: initializing netlink
[   10.333765][    T1] usbcore: registered new interface driver atusb
[   10.356307][    T1] mac802154_hwsim mac802154_hwsim: Added 2 mac802154 hwsim hardware radios
[   10.366476][    T1] VMware vmxnet3 virtual NIC driver - version 1.7.0.0-k-NAPI
[   10.369705][    T1] usbcore: registered new interface driver catc
[   10.371449][    T1] usbcore: registered new interface driver kaweth
[   10.371616][    T1] pegasus: Pegasus/Pegasus II USB Ethernet driver
[   10.373052][    T1] usbcore: registered new interface driver pegasus
[   10.376614][    T1] usbcore: registered new interface driver rtl8150
[   10.381491][    T1] usbcore: registered new interface driver r8152
[   10.381761][    T1] hso: drivers/net/usb/hso.c: Option Wireless
[   10.384445][    T1] usbcore: registered new interface driver hso
[   10.386372][    T1] usbcore: registered new interface driver lan78xx
[   10.387091][    T1] usbcore: registered new interface driver asix
[   10.388750][    T1] usbcore: registered new interface driver ax88179_178a
[   10.389451][    T1] usbcore: registered new interface driver cdc_ether
[   10.390279][    T1] usbcore: registered new interface driver cdc_eem
[   10.391053][    T1] usbcore: registered new interface driver dm9601
[   10.391903][    T1] usbcore: registered new interface driver sr9700
[   10.392763][    T1] usbcore: registered new interface driver CoreChips
[   10.393827][    T1] usbcore: registered new interface driver smsc75xx
[   10.404897][    T1] usbcore: registered new interface driver smsc95xx
[   10.405827][    T1] usbcore: registered new interface driver gl620a
[   10.406560][    T1] usbcore: registered new interface driver net1080
[   10.407652][    T1] usbcore: registered new interface driver plusb
[   10.408466][    T1] usbcore: registered new interface driver rndis_host
[   10.409644][    T1] usbcore: registered new interface driver cdc_subset
[   10.411165][    T1] usbcore: registered new interface driver zaurus
[   10.412254][    T1] usbcore: registered new interface driver MOSCHIP usb-ethernet driver
[   10.413332][    T1] usbcore: registered new interface driver int51x1
[   10.414032][    T1] usbcore: registered new interface driver cdc_phonet
[   10.425729][    T1] usbcore: registered new interface driver kalmia
[   10.426591][    T1] usbcore: registered new interface driver ipheth
[   10.427420][    T1] usbcore: registered new interface driver sierra_net
[   10.428355][    T1] usbcore: registered new interface driver cx82310_eth
[   10.429806][    T1] usbcore: registered new interface driver cdc_ncm
[   10.431147][    T1] usbcore: registered new interface driver huawei_cdc_ncm
[   10.440302][    T1] usbcore: registered new interface driver lg-vl600
[   10.444897][    T1] usbcore: registered new interface driver qmi_wwan
[   10.445790][    T1] usbcore: registered new interface driver cdc_mbim
[   10.446484][    T1] usbcore: registered new interface driver ch9200
[   10.447264][    T1] usbcore: registered new interface driver r8153_ecm
[   10.466693][    T1] VFIO - User Level meta-driver version: 0.3
[   10.498424][    T1] aoe: AoE v85 initialised.
[   10.549950][    T1] Warning! fotg210_hcd should always be loaded before uhci_hcd and ohci_hcd, not after
[   10.553634][    T1] SPI driver max3421-hcd has no spi_device_id for maxim,max3421
[   10.556690][    T1] usbcore: registered new interface driver cdc_acm
[   10.556956][    T1] cdc_acm: USB Abstract Control Model driver for USB modems and ISDN adapters
[   10.558025][    T1] usbcore: registered new interface driver usblp
[   10.558966][    T1] usbcore: registered new interface driver cdc_wdm
[   10.559754][    T1] usbcore: registered new interface driver usbtmc
[   10.570795][    T1] usbcore: registered new interface driver uas
[   10.571487][    T1] usbcore: registered new interface driver usb-storage
[   10.571852][    T1] usbcore: registered new interface driver ums-alauda
[   10.572274][    T1] usbcore: registered new interface driver ums-cypress
[   10.572666][    T1] usbcore: registered new interface driver ums-datafab
[   10.572896][    T1] usbcore: registered new interface driver ums_eneub6250
[   10.573141][    T1] usbcore: registered new interface driver ums-freecom
[   10.573416][    T1] usbcore: registered new interface driver ums-isd200
[   10.573668][    T1] usbcore: registered new interface driver ums-jumpshot
[   10.573909][    T1] usbcore: registered new interface driver ums-karma
[   10.574292][    T1] usbcore: registered new interface driver ums-onetouch
[   10.585490][    T1] usbcore: registered new interface driver ums-realtek
[   10.586210][    T1] usbcore: registered new interface driver ums-sddr09
[   10.586881][    T1] usbcore: registered new interface driver ums-sddr55
[   10.587616][    T1] usbcore: registered new interface driver ums-usbat
[   10.588614][    T1] usbcore: registered new interface driver mdc800
[   10.588802][    T1] mdc800: v0.7.5 (30/10/2000):USB Driver for Mustek MDC800 Digital Camera
[   10.589661][    T1] usbcore: registered new interface driver microtekX6
[   10.591402][    T1] usbcore: registered new interface driver usbserial_generic
[   10.593037][    T1] usbserial: USB Serial support registered for generic
[   10.593959][    T1] usbcore: registered new interface driver aircable
[   10.602941][    T1] usbserial: USB Serial support registered for aircable
[   10.603466][    T1] usbcore: registered new interface driver ark3116
[   10.603766][    T1] usbserial: USB Serial support registered for ark3116
[   10.604088][    T1] usbcore: registered new interface driver belkin_sa
[   10.604484][    T1] usbserial: USB Serial support registered for Belkin / Peracom / GoHubs USB Serial Adapter
[   10.615494][    T1] usbcore: registered new interface driver ch341
[   10.616188][    T1] usbserial: USB Serial support registered for ch341-uart
[   10.617336][    T1] usbcore: registered new interface driver cp210x
[   10.618236][    T1] usbserial: USB Serial support registered for cp210x
[   10.619197][    T1] usbcore: registered new interface driver cyberjack
[   10.620161][    T1] usbserial: USB Serial support registered for Reiner SCT Cyberjack USB card reader
[   10.621434][    T1] usbcore: registered new interface driver cypress_m8
[   10.622433][    T1] usbserial: USB Serial support registered for DeLorme Earthmate USB
[   10.623762][    T1] usbserial: USB Serial support registered for HID->COM RS232 Adapter
[   10.628133][    T1] usbserial: USB Serial support registered for Nokia CA-42 V2 Adapter
[   10.633282][    T1] usbcore: registered new interface driver usb_debug
[   10.634744][    T1] usbserial: USB Serial support registered for debug
[   10.635381][    T1] usbserial: USB Serial support registered for xhci_dbc
[   10.635991][    T1] usbcore: registered new interface driver digi_acceleport
[   10.636777][    T1] usbserial: USB Serial support registered for Digi 2 port USB adapter
[   10.637920][    T1] usbserial: USB Serial support registered for Digi 4 port USB adapter
[   10.639222][    T1] usbcore: registered new interface driver io_edgeport
[   10.640384][    T1] usbserial: USB Serial support registered for Edgeport 2 port adapter
[   10.641691][    T1] usbserial: USB Serial support registered for Edgeport 4 port adapter
[   10.642780][    T1] usbserial: USB Serial support registered for Edgeport 8 port adapter
[   10.643640][    T1] usbserial: USB Serial support registered for EPiC device
[   10.646595][    T1] usbcore: registered new interface driver io_ti
[   10.647391][    T1] usbserial: USB Serial support registered for Edgeport TI 1 port adapter
[   10.647920][    T1] usbserial: USB Serial support registered for Edgeport TI 2 port adapter
[   10.650675][    T1] usbcore: registered new interface driver empeg
[   10.651472][    T1] usbserial: USB Serial support registered for empeg
[   10.655485][    T1] usbcore: registered new interface driver f81534a_ctrl
[   10.669255][    T1] usbcore: registered new interface driver f81232
[   10.669840][    T1] usbserial: USB Serial support registered for f81232
[   10.670667][    T1] usbserial: USB Serial support registered for f81534a
[   10.671649][    T1] usbcore: registered new interface driver f81534
[   10.672571][    T1] usbserial: USB Serial support registered for Fintek F81532/F81534
[   10.673598][    T1] usbcore: registered new interface driver ftdi_sio
[   10.674417][    T1] usbserial: USB Serial support registered for FTDI USB Serial Device
[   10.677435][    T1] usbcore: registered new interface driver garmin_gps
[   10.678559][    T1] usbserial: USB Serial support registered for Garmin GPS usb/tty
[   10.680795][    T1] usbcore: registered new interface driver ipaq
[   10.681948][    T1] usbserial: USB Serial support registered for PocketPC PDA
[   10.684727][    T1] usbcore: registered new interface driver ipw
[   10.686170][    T1] usbserial: USB Serial support registered for IPWireless converter
[   10.686868][    T1] usbcore: registered new interface driver ir_usb
[   10.687649][    T1] usbserial: USB Serial support registered for IR Dongle
[   10.688569][    T1] usbcore: registered new interface driver iuu_phoenix
[   10.689357][    T1] usbserial: USB Serial support registered for iuu_phoenix
[   10.690204][    T1] usbcore: registered new interface driver keyspan
[   10.691025][    T1] usbserial: USB Serial support registered for Keyspan - (without firmware)
[   10.691995][    T1] usbserial: USB Serial support registered for Keyspan 1 port adapter
[   10.692792][    T1] usbserial: USB Serial support registered for Keyspan 2 port adapter
[   10.693493][    T1] usbserial: USB Serial support registered for Keyspan 4 port adapter
[   10.694744][    T1] usbcore: registered new interface driver keyspan_pda
[   10.695507][    T1] usbserial: USB Serial support registered for Keyspan PDA
[   10.696283][    T1] usbserial: USB Serial support registered for Keyspan PDA - (prerenumeration)
[   10.700166][    T1] usbcore: registered new interface driver kl5kusb105
[   10.702690][    T1] usbserial: USB Serial support registered for KL5KUSB105D / PalmConnect
[   10.704764][    T1] usbcore: registered new interface driver kobil_sct
[   10.705498][    T1] usbserial: USB Serial support registered for KOBIL USB smart card terminal
[   10.706541][    T1] usbcore: registered new interface driver mct_u232
[   10.707204][    T1] usbserial: USB Serial support registered for MCT U232
[   10.708484][    T1] usbcore: registered new interface driver metro_usb
[   10.709819][    T1] usbserial: USB Serial support registered for Metrologic USB to Serial
[   10.710729][    T1] usbcore: registered new interface driver mos7720
[   10.711508][    T1] usbserial: USB Serial support registered for Moschip 2 port adapter
[   10.712409][    T1] usbcore: registered new interface driver mos7840
[   10.713430][    T1] usbserial: USB Serial support registered for Moschip 7840/7820 USB Serial Driver
[   10.715739][    T1] usbcore: registered new interface driver mxuport
[   10.719316][    T1] usbserial: USB Serial support registered for MOXA UPort
[   10.722083][    T1] usbcore: registered new interface driver navman
[   10.730454][    T1] usbserial: USB Serial support registered for navman
[   10.731668][    T1] usbcore: registered new interface driver omninet
[   10.732398][    T1] usbserial: USB Serial support registered for ZyXEL - omni.net usb
[   10.733900][    T1] usbcore: registered new interface driver opticon
[   10.734520][    T1] usbserial: USB Serial support registered for opticon
[   10.736174][    T1] usbcore: registered new interface driver option
[   10.737072][    T1] usbserial: USB Serial support registered for GSM modem (1-port)
[   10.737958][    T1] usbcore: registered new interface driver oti6858
[   10.738829][    T1] usbserial: USB Serial support registered for oti6858
[   10.739782][    T1] usbcore: registered new interface driver pl2303
[   10.740619][    T1] usbserial: USB Serial support registered for pl2303
[   10.742574][    T1] usbcore: registered new interface driver qcaux
[   10.744198][    T1] usbserial: USB Serial support registered for qcaux
[   10.748049][    T1] usbcore: registered new interface driver qcserial
[   10.749385][    T1] usbserial: USB Serial support registered for Qualcomm USB modem
[   10.754520][    T1] usbcore: registered new interface driver quatech2
[   10.756140][    T1] usbserial: USB Serial support registered for Quatech 2nd gen USB to Serial Driver
[   10.756778][    T1] usbcore: registered new interface driver safe_serial
[   10.757477][    T1] usbserial: USB Serial support registered for safe_serial
[   10.758524][    T1] usbcore: registered new interface driver sierra
[   10.759310][    T1] usbserial: USB Serial support registered for Sierra USB modem
[   10.760409][    T1] usbcore: registered new interface driver usb_serial_simple
[   10.761392][    T1] usbserial: USB Serial support registered for carelink
[   10.762401][    T1] usbserial: USB Serial support registered for zio
[   10.763222][    T1] usbserial: USB Serial support registered for funsoft
[   10.777097][    T1] usbserial: USB Serial support registered for flashloader
[   10.777992][    T1] usbserial: USB Serial support registered for google
[   10.778842][    T1] usbserial: USB Serial support registered for libtransistor
[   10.782978][    T1] usbserial: USB Serial support registered for vivopay
[   10.791910][    T1] usbserial: USB Serial support registered for moto_modem
[   10.792710][    T1] usbserial: USB Serial support registered for motorola_tetra
[   10.793026][    T1] usbserial: USB Serial support registered for nokia
[   10.794558][    T1] usbserial: USB Serial support registered for novatel_gps
[   10.794558][    T1] usbserial: USB Serial support registered for hp4x
[   10.794558][    T1] usbserial: USB Serial support registered for suunto
[   10.794558][    T1] usbserial: USB Serial support registered for siemens_mpi
[   10.794558][    T1] usbcore: registered new interface driver spcp8x5
[   10.794558][    T1] usbserial: USB Serial support registered for SPCP8x5
[   10.794558][    T1] usbcore: registered new interface driver ssu100
[   10.794558][    T1] usbserial: USB Serial support registered for Quatech SSU-100 USB to Serial Driver
[   10.808712][    T1] usbcore: registered new interface driver symbolserial
[   10.809451][    T1] usbserial: USB Serial support registered for symbol
[   10.812318][    T1] usbcore: registered new interface driver ti_usb_3410_5052
[   10.813101][    T1] usbserial: USB Serial support registered for TI USB 3410 1 port adapter
[   10.813907][    T1] usbserial: USB Serial support registered for TI USB 5052 2 port adapter
[   10.825443][    T1] usbcore: registered new interface driver upd78f0730
[   10.826757][    T1] usbserial: USB Serial support registered for upd78f0730
[   10.827978][    T1] usbcore: registered new interface driver visor
[   10.829281][    T1] usbserial: USB Serial support registered for Handspring Visor / Palm OS
[   10.830850][    T1] usbserial: USB Serial support registered for Sony Clie 5.0
[   10.831877][    T1] usbserial: USB Serial support registered for Sony Clie 3.5
[   10.832735][    T1] usbcore: registered new interface driver wishbone_serial
[   10.833540][    T1] usbserial: USB Serial support registered for wishbone_serial
[   10.834713][    T1] usbcore: registered new interface driver whiteheat
[   10.835551][    T1] usbserial: USB Serial support registered for Connect Tech - WhiteHEAT - (prerenumeration)
[   10.836448][    T1] usbserial: USB Serial support registered for Connect Tech - WhiteHEAT
[   10.838518][    T1] usbcore: registered new interface driver xr_serial
[   10.841071][    T1] usbserial: USB Serial support registered for xr_serial
[   10.844682][    T1] usbcore: registered new interface driver xsens_mt
[   10.846545][    T1] usbserial: USB Serial support registered for xsens_mt
[   10.850424][    T1] usbcore: registered new interface driver adutux
[   10.851491][    T1] usbcore: registered new interface driver appledisplay
[   10.855235][    T1] usbcore: registered new interface driver cypress_cy7c63
[   10.860474][    T1] usbcore: registered new interface driver cytherm
[   10.861926][    T1] usbcore: registered new interface driver emi26 - firmware loader
[   10.865984][    T1] usbcore: registered new interface driver emi62 - firmware loader
[   10.868243][    T1] ftdi_elan: driver ftdi-elan
[   10.869087][    T1] usbcore: registered new interface driver ftdi-elan
[   10.869992][    T1] usbcore: registered new interface driver idmouse
[   10.872070][    T1] usbcore: registered new interface driver iowarrior
[   10.872998][    T1] usbcore: registered new interface driver isight_firmware
[   10.880989][    T1] usbcore: registered new interface driver usblcd
[   10.881929][    T1] usbcore: registered new interface driver ldusb
[   10.882925][    T1] usbcore: registered new interface driver legousbtower
[   10.884028][    T1] usbcore: registered new interface driver usbtest
[   10.885203][    T1] usbcore: registered new interface driver usb_ehset_test
[   10.886212][    T1] usbcore: registered new interface driver trancevibrator
[   10.887082][    T1] usbcore: registered new interface driver uss720
[   10.887331][    T1] uss720: USB Parport Cable driver for Cables using the Lucent Technologies USS720 Chip
[   10.887576][    T1] uss720: NOTE: this is a special purpose driver to allow nonstandard
[   10.887785][    T1] uss720: protocols (eg. bitbang) over USS720 usb to parallel cables
[   10.887981][    T1] uss720: If you just want to connect to a printer, use usblp instead
[   10.888895][    T1] usbcore: registered new interface driver usbsevseg
[   10.889780][    T1] usbcore: registered new interface driver yurex
[   10.913681][    T1] usbcore: registered new interface driver chaoskey
[   10.924788][    T1] usbcore: registered new interface driver sisusb
[   10.925607][    T1] usbcore: registered new interface driver lvs
[   10.926505][    T1] usbcore: registered new interface driver cxacru
[   10.928317][    T1] usbcore: registered new interface driver speedtch
[   10.928317][    T1] usbcore: registered new interface driver ueagle-atm
[   10.938577][    T1] xusbatm: malformed module parameters
[   10.948928][    T1] dummy_hcd dummy_hcd.0: USB Host+Gadget Emulator, driver 02 May 2005
[   10.949794][    T1] dummy_hcd dummy_hcd.0: Dummy host controller
[   10.957883][    T1] dummy_hcd dummy_hcd.0: new USB bus registered, assigned bus number 1
[   10.965260][    T1] usb usb1: New USB device found, idVendor=1d6b, idProduct=0002, bcdDevice= 6.01
[   10.965582][    T1] usb usb1: New USB device strings: Mfr=3, Product=2, SerialNumber=1
[   10.965742][    T1] usb usb1: Product: Dummy host controller
[   10.965861][    T1] usb usb1: Manufacturer: Linux 6.1.0-dirty dummy_hcd
[   10.965997][    T1] usb usb1: SerialNumber: dummy_hcd.0
[   10.973218][    T1] hub 1-0:1.0: USB hub found
[   10.978489][    T1] hub 1-0:1.0: 1 port detected
[   11.000601][    T1] dummy_hcd dummy_hcd.1: USB Host+Gadget Emulator, driver 02 May 2005
[   11.000820][    T1] dummy_hcd dummy_hcd.1: Dummy host controller
[   11.003519][    T1] dummy_hcd dummy_hcd.1: new USB bus registered, assigned bus number 2
[   11.005097][    T1] usb usb2: New USB device found, idVendor=1d6b, idProduct=0002, bcdDevice= 6.01
[   11.005442][    T1] usb usb2: New USB device strings: Mfr=3, Product=2, SerialNumber=1
[   11.005579][    T1] usb usb2: Product: Dummy host controller
[   11.005680][    T1] usb usb2: Manufacturer: Linux 6.1.0-dirty dummy_hcd
[   11.005795][    T1] usb usb2: SerialNumber: dummy_hcd.1
[   11.016951][    T1] hub 2-0:1.0: USB hub found
[   11.017801][    T1] hub 2-0:1.0: 1 port detected
[   11.026200][    T1] dummy_hcd dummy_hcd.2: USB Host+Gadget Emulator, driver 02 May 2005
[   11.027445][    T1] dummy_hcd dummy_hcd.2: Dummy host controller
[   11.036646][    T1] dummy_hcd dummy_hcd.2: new USB bus registered, assigned bus number 3
[   11.037999][    T1] usb usb3: New USB device found, idVendor=1d6b, idProduct=0002, bcdDevice= 6.01
[   11.038213][    T1] usb usb3: New USB device strings: Mfr=3, Product=2, SerialNumber=1
[   11.038369][    T1] usb usb3: Product: Dummy host controller
[   11.038504][    T1] usb usb3: Manufacturer: Linux 6.1.0-dirty dummy_hcd
[   11.038637][    T1] usb usb3: SerialNumber: dummy_hcd.2
[   11.043840][    T1] hub 3-0:1.0: USB hub found
[   11.044161][    T1] hub 3-0:1.0: 1 port detected
[   11.060467][    T1] dummy_hcd dummy_hcd.3: USB Host+Gadget Emulator, driver 02 May 2005
[   11.060750][    T1] dummy_hcd dummy_hcd.3: Dummy host controller
[   11.062589][    T1] dummy_hcd dummy_hcd.3: new USB bus registered, assigned bus number 4
[   11.064129][    T1] usb usb4: New USB device found, idVendor=1d6b, idProduct=0002, bcdDevice= 6.01
[   11.065181][    T1] usb usb4: New USB device strings: Mfr=3, Product=2, SerialNumber=1
[   11.065793][    T1] usb usb4: Product: Dummy host controller
[   11.066378][    T1] usb usb4: Manufacturer: Linux 6.1.0-dirty dummy_hcd
[   11.066649][    T1] usb usb4: SerialNumber: dummy_hcd.3
[   11.074297][    T1] hub 4-0:1.0: USB hub found
[   11.075280][    T1] hub 4-0:1.0: 1 port detected
[   11.083048][    T1] dummy_hcd dummy_hcd.4: USB Host+Gadget Emulator, driver 02 May 2005
[   11.083564][    T1] dummy_hcd dummy_hcd.4: Dummy host controller
[   11.085740][    T1] dummy_hcd dummy_hcd.4: new USB bus registered, assigned bus number 5
[   11.086790][    T1] usb usb5: New USB device found, idVendor=1d6b, idProduct=0002, bcdDevice= 6.01
[   11.086962][    T1] usb usb5: New USB device strings: Mfr=3, Product=2, SerialNumber=1
[   11.087099][    T1] usb usb5: Product: Dummy host controller
[   11.087205][    T1] usb usb5: Manufacturer: Linux 6.1.0-dirty dummy_hcd
[   11.087304][    T1] usb usb5: SerialNumber: dummy_hcd.4
[   11.091164][    T1] hub 5-0:1.0: USB hub found
[   11.091521][    T1] hub 5-0:1.0: 1 port detected
[   11.100011][    T1] dummy_hcd dummy_hcd.5: USB Host+Gadget Emulator, driver 02 May 2005
[   11.100292][    T1] dummy_hcd dummy_hcd.5: Dummy host controller
[   11.103766][    T1] dummy_hcd dummy_hcd.5: new USB bus registered, assigned bus number 6
[   11.107597][    T1] usb usb6: New USB device found, idVendor=1d6b, idProduct=0002, bcdDevice= 6.01
[   11.107822][    T1] usb usb6: New USB device strings: Mfr=3, Product=2, SerialNumber=1
[   11.108002][    T1] usb usb6: Product: Dummy host controller
[   11.108139][    T1] usb usb6: Manufacturer: Linux 6.1.0-dirty dummy_hcd
[   11.108297][    T1] usb usb6: SerialNumber: dummy_hcd.5
[   11.112866][    T1] hub 6-0:1.0: USB hub found
[   11.113269][    T1] hub 6-0:1.0: 1 port detected
[   11.119547][    T1] dummy_hcd dummy_hcd.6: USB Host+Gadget Emulator, driver 02 May 2005
[   11.122196][    T1] dummy_hcd dummy_hcd.6: Dummy host controller
[   11.131432][    T1] dummy_hcd dummy_hcd.6: new USB bus registered, assigned bus number 7
[   11.133642][    T1] usb usb7: New USB device found, idVendor=1d6b, idProduct=0002, bcdDevice= 6.01
[   11.134007][    T1] usb usb7: New USB device strings: Mfr=3, Product=2, SerialNumber=1
[   11.134350][    T1] usb usb7: Product: Dummy host controller
[   11.134871][    T1] usb usb7: Manufacturer: Linux 6.1.0-dirty dummy_hcd
[   11.135079][    T1] usb usb7: SerialNumber: dummy_hcd.6
[   11.139088][    T1] hub 7-0:1.0: USB hub found
[   11.139362][    T1] hub 7-0:1.0: 1 port detected
[   11.144357][    T1] dummy_hcd dummy_hcd.7: USB Host+Gadget Emulator, driver 02 May 2005
[   11.153563][    T1] dummy_hcd dummy_hcd.7: Dummy host controller
[   11.155618][    T1] dummy_hcd dummy_hcd.7: new USB bus registered, assigned bus number 8
[   11.157526][    T1] usb usb8: New USB device found, idVendor=1d6b, idProduct=0002, bcdDevice= 6.01
[   11.157776][    T1] usb usb8: New USB device strings: Mfr=3, Product=2, SerialNumber=1
[   11.157917][    T1] usb usb8: Product: Dummy host controller
[   11.158020][    T1] usb usb8: Manufacturer: Linux 6.1.0-dirty dummy_hcd
[   11.158168][    T1] usb usb8: SerialNumber: dummy_hcd.7
[   11.163118][    T1] hub 8-0:1.0: USB hub found
[   11.163413][    T1] hub 8-0:1.0: 1 port detected
[   11.233166][    T1] gadgetfs: USB Gadget filesystem, version 24 Aug 2004
[   11.239898][    T1] vhci_hcd vhci_hcd.0: USB/IP Virtual Host Controller
[   11.242442][    T1] vhci_hcd vhci_hcd.0: new USB bus registered, assigned bus number 9
[   11.243490][    T1] vhci_hcd: created sysfs vhci_hcd.0
[   11.244523][    T1] usb usb9: New USB device found, idVendor=1d6b, idProduct=0002, bcdDevice= 6.01
[   11.244523][    T1] usb usb9: New USB device strings: Mfr=3, Product=2, SerialNumber=1
[   11.244523][    T1] usb usb9: Product: USB/IP Virtual Host Controller
[   11.244523][    T1] usb usb9: Manufacturer: Linux 6.1.0-dirty vhci_hcd
[   11.244523][    T1] usb usb9: SerialNumber: vhci_hcd.0
[   11.252758][    T1] hub 9-0:1.0: USB hub found
[   11.254768][    T1] hub 9-0:1.0: 8 ports detected
[   11.271851][    T1] vhci_hcd vhci_hcd.0: USB/IP Virtual Host Controller
[   11.274369][    T1] vhci_hcd vhci_hcd.0: new USB bus registered, assigned bus number 10
[   11.279172][    T1] usb usb10: We don't know the algorithms for LPM for this host, disabling LPM.
[   11.280639][    T1] usb usb10: New USB device found, idVendor=1d6b, idProduct=0003, bcdDevice= 6.01
[   11.280805][    T1] usb usb10: New USB device strings: Mfr=3, Product=2, SerialNumber=1
[   11.280940][    T1] usb usb10: Product: USB/IP Virtual Host Controller
[   11.281050][    T1] usb usb10: Manufacturer: Linux 6.1.0-dirty vhci_hcd
[   11.281417][    T1] usb usb10: SerialNumber: vhci_hcd.0
[   11.285796][    T1] hub 10-0:1.0: USB hub found
[   11.286273][    T1] hub 10-0:1.0: 8 ports detected
[   11.301245][    T1] vhci_hcd vhci_hcd.1: USB/IP Virtual Host Controller
[   11.302762][    T1] vhci_hcd vhci_hcd.1: new USB bus registered, assigned bus number 11
[   11.307036][    T1] usb usb11: New USB device found, idVendor=1d6b, idProduct=0002, bcdDevice= 6.01
[   11.307235][    T1] usb usb11: New USB device strings: Mfr=3, Product=2, SerialNumber=1
[   11.307374][    T1] usb usb11: Product: USB/IP Virtual Host Controller
[   11.307491][    T1] usb usb11: Manufacturer: Linux 6.1.0-dirty vhci_hcd
[   11.307607][    T1] usb usb11: SerialNumber: vhci_hcd.1
[   11.320458][    T1] hub 11-0:1.0: USB hub found
[   11.320867][    T1] hub 11-0:1.0: 8 ports detected
[   11.330561][    T1] vhci_hcd vhci_hcd.1: USB/IP Virtual Host Controller
[   11.332795][    T1] vhci_hcd vhci_hcd.1: new USB bus registered, assigned bus number 12
[   11.333927][    T1] usb usb12: We don't know the algorithms for LPM for this host, disabling LPM.
[   11.336400][    T1] usb usb12: New USB device found, idVendor=1d6b, idProduct=0003, bcdDevice= 6.01
[   11.336779][    T1] usb usb12: New USB device strings: Mfr=3, Product=2, SerialNumber=1
[   11.337084][    T1] usb usb12: Product: USB/IP Virtual Host Controller
[   11.337493][    T1] usb usb12: Manufacturer: Linux 6.1.0-dirty vhci_hcd
[   11.337797][    T1] usb usb12: SerialNumber: vhci_hcd.1
[   11.343038][    T1] hub 12-0:1.0: USB hub found
[   11.343576][    T1] hub 12-0:1.0: 8 ports detected
[   11.365192][    T1] vhci_hcd vhci_hcd.2: USB/IP Virtual Host Controller
[   11.370367][    T1] vhci_hcd vhci_hcd.2: new USB bus registered, assigned bus number 13
[   11.373891][    T1] usb usb13: New USB device found, idVendor=1d6b, idProduct=0002, bcdDevice= 6.01
[   11.374132][    T1] usb usb13: New USB device strings: Mfr=3, Product=2, SerialNumber=1
[   11.374299][    T1] usb usb13: Product: USB/IP Virtual Host Controller
[   11.374455][    T1] usb usb13: Manufacturer: Linux 6.1.0-dirty vhci_hcd
[   11.374599][    T1] usb usb13: SerialNumber: vhci_hcd.2
[   11.381314][    T1] hub 13-0:1.0: USB hub found
[   11.382178][    T1] hub 13-0:1.0: 8 ports detected
[   11.403555][    T1] vhci_hcd vhci_hcd.2: USB/IP Virtual Host Controller
[   11.405898][    T1] vhci_hcd vhci_hcd.2: new USB bus registered, assigned bus number 14
[   11.406604][    T1] usb usb14: We don't know the algorithms for LPM for this host, disabling LPM.
[   11.407737][    T1] usb usb14: New USB device found, idVendor=1d6b, idProduct=0003, bcdDevice= 6.01
[   11.408020][    T1] usb usb14: New USB device strings: Mfr=3, Product=2, SerialNumber=1
[   11.408219][    T1] usb usb14: Product: USB/IP Virtual Host Controller
[   11.408360][    T1] usb usb14: Manufacturer: Linux 6.1.0-dirty vhci_hcd
[   11.408511][    T1] usb usb14: SerialNumber: vhci_hcd.2
[   11.422048][    T1] hub 14-0:1.0: USB hub found
[   11.422505][    T1] hub 14-0:1.0: 8 ports detected
[   11.439116][    T1] vhci_hcd vhci_hcd.3: USB/IP Virtual Host Controller
[   11.446890][    T1] vhci_hcd vhci_hcd.3: new USB bus registered, assigned bus number 15
[   11.447968][    T1] usb usb15: New USB device found, idVendor=1d6b, idProduct=0002, bcdDevice= 6.01
[   11.450242][    T1] usb usb15: New USB device strings: Mfr=3, Product=2, SerialNumber=1
[   11.450566][    T1] usb usb15: Product: USB/IP Virtual Host Controller
[   11.450828][    T1] usb usb15: Manufacturer: Linux 6.1.0-dirty vhci_hcd
[   11.451032][    T1] usb usb15: SerialNumber: vhci_hcd.3
[   11.457414][    T1] hub 15-0:1.0: USB hub found
[   11.457770][    T1] hub 15-0:1.0: 8 ports detected
[   11.469805][    T1] vhci_hcd vhci_hcd.3: USB/IP Virtual Host Controller
[   11.474188][    T1] vhci_hcd vhci_hcd.3: new USB bus registered, assigned bus number 16
[   11.475784][    T1] usb usb16: We don't know the algorithms for LPM for this host, disabling LPM.
[   11.476794][    T1] usb usb16: New USB device found, idVendor=1d6b, idProduct=0003, bcdDevice= 6.01
[   11.476989][    T1] usb usb16: New USB device strings: Mfr=3, Product=2, SerialNumber=1
[   11.477189][    T1] usb usb16: Product: USB/IP Virtual Host Controller
[   11.477324][    T1] usb usb16: Manufacturer: Linux 6.1.0-dirty vhci_hcd
[   11.477444][    T1] usb usb16: SerialNumber: vhci_hcd.3
[   11.481080][    T1] hub 16-0:1.0: USB hub found
[   11.481472][    T1] hub 16-0:1.0: 8 ports detected
[   11.497202][    T1] vhci_hcd vhci_hcd.4: USB/IP Virtual Host Controller
[   11.498792][    T1] vhci_hcd vhci_hcd.4: new USB bus registered, assigned bus number 17
[   11.500917][    T1] usb usb17: New USB device found, idVendor=1d6b, idProduct=0002, bcdDevice= 6.01
[   11.501105][    T1] usb usb17: New USB device strings: Mfr=3, Product=2, SerialNumber=1
[   11.503470][    T1] usb usb17: Product: USB/IP Virtual Host Controller
[   11.503846][    T1] usb usb17: Manufacturer: Linux 6.1.0-dirty vhci_hcd
[   11.503980][    T1] usb usb17: SerialNumber: vhci_hcd.4
[   11.509735][    T1] hub 17-0:1.0: USB hub found
[   11.511005][    T1] hub 17-0:1.0: 8 ports detected
[   11.523154][    T1] vhci_hcd vhci_hcd.4: USB/IP Virtual Host Controller
[   11.525383][    T1] vhci_hcd vhci_hcd.4: new USB bus registered, assigned bus number 18
[   11.526023][    T1] usb usb18: We don't know the algorithms for LPM for this host, disabling LPM.
[   11.526939][    T1] usb usb18: New USB device found, idVendor=1d6b, idProduct=0003, bcdDevice= 6.01
[   11.527156][    T1] usb usb18: New USB device strings: Mfr=3, Product=2, SerialNumber=1
[   11.527330][    T1] usb usb18: Product: USB/IP Virtual Host Controller
[   11.527501][    T1] usb usb18: Manufacturer: Linux 6.1.0-dirty vhci_hcd
[   11.527626][    T1] usb usb18: SerialNumber: vhci_hcd.4
[   11.536325][    T1] hub 18-0:1.0: USB hub found
[   11.536621][    T1] hub 18-0:1.0: 8 ports detected
[   11.552575][    T1] vhci_hcd vhci_hcd.5: USB/IP Virtual Host Controller
[   11.553916][    T1] vhci_hcd vhci_hcd.5: new USB bus registered, assigned bus number 19
[   11.556272][    T1] usb usb19: New USB device found, idVendor=1d6b, idProduct=0002, bcdDevice= 6.01
[   11.558371][    T1] usb usb19: New USB device strings: Mfr=3, Product=2, SerialNumber=1
[   11.558496][    T1] usb usb19: Product: USB/IP Virtual Host Controller
[   11.558591][    T1] usb usb19: Manufacturer: Linux 6.1.0-dirty vhci_hcd
[   11.558689][    T1] usb usb19: SerialNumber: vhci_hcd.5
[   11.563373][    T1] hub 19-0:1.0: USB hub found
[   11.564775][    T1] hub 19-0:1.0: 8 ports detected
[   11.577625][    T1] vhci_hcd vhci_hcd.5: USB/IP Virtual Host Controller
[   11.580570][    T1] vhci_hcd vhci_hcd.5: new USB bus registered, assigned bus number 20
[   11.584176][    T1] usb usb20: We don't know the algorithms for LPM for this host, disabling LPM.
[   11.586047][    T1] usb usb20: New USB device found, idVendor=1d6b, idProduct=0003, bcdDevice= 6.01
[   11.586238][    T1] usb usb20: New USB device strings: Mfr=3, Product=2, SerialNumber=1
[   11.586376][    T1] usb usb20: Product: USB/IP Virtual Host Controller
[   11.586477][    T1] usb usb20: Manufacturer: Linux 6.1.0-dirty vhci_hcd
[   11.586586][    T1] usb usb20: SerialNumber: vhci_hcd.5
[   11.590367][    T1] hub 20-0:1.0: USB hub found
[   11.590693][    T1] hub 20-0:1.0: 8 ports detected
[   11.607338][    T1] vhci_hcd vhci_hcd.6: USB/IP Virtual Host Controller
[   11.616114][    T1] vhci_hcd vhci_hcd.6: new USB bus registered, assigned bus number 21
[   11.618591][    T1] usb usb21: New USB device found, idVendor=1d6b, idProduct=0002, bcdDevice= 6.01
[   11.619853][    T1] usb usb21: New USB device strings: Mfr=3, Product=2, SerialNumber=1
[   11.620182][    T1] usb usb21: Product: USB/IP Virtual Host Controller
[   11.620800][    T1] usb usb21: Manufacturer: Linux 6.1.0-dirty vhci_hcd
[   11.621344][    T1] usb usb21: SerialNumber: vhci_hcd.6
[   11.627106][    T1] hub 21-0:1.0: USB hub found
[   11.627440][    T1] hub 21-0:1.0: 8 ports detected
[   11.637761][    T1] vhci_hcd vhci_hcd.6: USB/IP Virtual Host Controller
[   11.639484][    T1] vhci_hcd vhci_hcd.6: new USB bus registered, assigned bus number 22
[   11.640008][    T1] usb usb22: We don't know the algorithms for LPM for this host, disabling LPM.
[   11.640857][    T1] usb usb22: New USB device found, idVendor=1d6b, idProduct=0003, bcdDevice= 6.01
[   11.641382][    T1] usb usb22: New USB device strings: Mfr=3, Product=2, SerialNumber=1
[   11.641900][    T1] usb usb22: Product: USB/IP Virtual Host Controller
[   11.642146][    T1] usb usb22: Manufacturer: Linux 6.1.0-dirty vhci_hcd
[   11.642485][    T1] usb usb22: SerialNumber: vhci_hcd.6
[   11.646360][    T1] hub 22-0:1.0: USB hub found
[   11.646773][    T1] hub 22-0:1.0: 8 ports detected
[   11.663651][    T1] vhci_hcd vhci_hcd.7: USB/IP Virtual Host Controller
[   11.671162][    T1] vhci_hcd vhci_hcd.7: new USB bus registered, assigned bus number 23
[   11.674980][    T1] usb usb23: New USB device found, idVendor=1d6b, idProduct=0002, bcdDevice= 6.01
[   11.675376][    T1] usb usb23: New USB device strings: Mfr=3, Product=2, SerialNumber=1
[   11.675598][    T1] usb usb23: Product: USB/IP Virtual Host Controller
[   11.676234][    T1] usb usb23: Manufacturer: Linux 6.1.0-dirty vhci_hcd
[   11.676790][    T1] usb usb23: SerialNumber: vhci_hcd.7
[   11.680918][    T1] hub 23-0:1.0: USB hub found
[   11.681464][    T1] hub 23-0:1.0: 8 ports detected
[   11.694047][    T1] vhci_hcd vhci_hcd.7: USB/IP Virtual Host Controller
[   11.696156][    T1] vhci_hcd vhci_hcd.7: new USB bus registered, assigned bus number 24
[   11.697191][    T1] usb usb24: We don't know the algorithms for LPM for this host, disabling LPM.
[   11.701461][    T1] usb usb24: New USB device found, idVendor=1d6b, idProduct=0003, bcdDevice= 6.01
[   11.701895][    T1] usb usb24: New USB device strings: Mfr=3, Product=2, SerialNumber=1
[   11.702079][    T1] usb usb24: Product: USB/IP Virtual Host Controller
[   11.702214][    T1] usb usb24: Manufacturer: Linux 6.1.0-dirty vhci_hcd
[   11.702315][    T1] usb usb24: SerialNumber: vhci_hcd.7
[   11.706555][    T1] hub 24-0:1.0: USB hub found
[   11.706841][    T1] hub 24-0:1.0: 8 ports detected
[   11.722338][    T1] vhci_hcd vhci_hcd.8: USB/IP Virtual Host Controller
[   11.723694][    T1] vhci_hcd vhci_hcd.8: new USB bus registered, assigned bus number 25
[   11.726295][    T1] usb usb25: New USB device found, idVendor=1d6b, idProduct=0002, bcdDevice= 6.01
[   11.726820][    T1] usb usb25: New USB device strings: Mfr=3, Product=2, SerialNumber=1
[   11.727101][    T1] usb usb25: Product: USB/IP Virtual Host Controller
[   11.727380][    T1] usb usb25: Manufacturer: Linux 6.1.0-dirty vhci_hcd
[   11.727771][    T1] usb usb25: SerialNumber: vhci_hcd.8
[   11.733291][    T1] hub 25-0:1.0: USB hub found
[   11.733613][    T1] hub 25-0:1.0: 8 ports detected
[   11.751471][    T1] vhci_hcd vhci_hcd.8: USB/IP Virtual Host Controller
[   11.753506][    T1] vhci_hcd vhci_hcd.8: new USB bus registered, assigned bus number 26
[   11.754202][    T1] usb usb26: We don't know the algorithms for LPM for this host, disabling LPM.
[   11.755326][    T1] usb usb26: New USB device found, idVendor=1d6b, idProduct=0003, bcdDevice= 6.01
[   11.755590][    T1] usb usb26: New USB device strings: Mfr=3, Product=2, SerialNumber=1
[   11.755828][    T1] usb usb26: Product: USB/IP Virtual Host Controller
[   11.756046][    T1] usb usb26: Manufacturer: Linux 6.1.0-dirty vhci_hcd
[   11.756211][    T1] usb usb26: SerialNumber: vhci_hcd.8
[   11.759943][    T1] hub 26-0:1.0: USB hub found
[   11.760437][    T1] hub 26-0:1.0: 8 ports detected
[   11.776422][    T1] vhci_hcd vhci_hcd.9: USB/IP Virtual Host Controller
[   11.778346][    T1] vhci_hcd vhci_hcd.9: new USB bus registered, assigned bus number 27
[   11.779851][    T1] usb usb27: New USB device found, idVendor=1d6b, idProduct=0002, bcdDevice= 6.01
[   11.780127][    T1] usb usb27: New USB device strings: Mfr=3, Product=2, SerialNumber=1
[   11.780399][    T1] usb usb27: Product: USB/IP Virtual Host Controller
[   11.780644][    T1] usb usb27: Manufacturer: Linux 6.1.0-dirty vhci_hcd
[   11.780885][    T1] usb usb27: SerialNumber: vhci_hcd.9
[   11.787468][    T1] hub 27-0:1.0: USB hub found
[   11.787833][    T1] hub 27-0:1.0: 8 ports detected
[   11.799899][    T1] vhci_hcd vhci_hcd.9: USB/IP Virtual Host Controller
[   11.802986][    T1] vhci_hcd vhci_hcd.9: new USB bus registered, assigned bus number 28
[   11.803813][    T1] usb usb28: We don't know the algorithms for LPM for this host, disabling LPM.
[   11.804525][    T1] usb usb28: New USB device found, idVendor=1d6b, idProduct=0003, bcdDevice= 6.01
[   11.806108][    T1] usb usb28: New USB device strings: Mfr=3, Product=2, SerialNumber=1
[   11.806240][    T1] usb usb28: Product: USB/IP Virtual Host Controller
[   11.806340][    T1] usb usb28: Manufacturer: Linux 6.1.0-dirty vhci_hcd
[   11.806439][    T1] usb usb28: SerialNumber: vhci_hcd.9
[   11.812411][    T1] hub 28-0:1.0: USB hub found
[   11.815312][    T1] hub 28-0:1.0: 8 ports detected
[   11.830105][    T1] vhci_hcd vhci_hcd.10: USB/IP Virtual Host Controller
[   11.834627][    T1] vhci_hcd vhci_hcd.10: new USB bus registered, assigned bus number 29
[   11.838451][    T1] usb usb29: New USB device found, idVendor=1d6b, idProduct=0002, bcdDevice= 6.01
[   11.838660][    T1] usb usb29: New USB device strings: Mfr=3, Product=2, SerialNumber=1
[   11.838836][    T1] usb usb29: Product: USB/IP Virtual Host Controller
[   11.838977][    T1] usb usb29: Manufacturer: Linux 6.1.0-dirty vhci_hcd
[   11.839101][    T1] usb usb29: SerialNumber: vhci_hcd.10
[   11.847581][    T1] hub 29-0:1.0: USB hub found
[   11.847965][    T1] hub 29-0:1.0: 8 ports detected
[   11.868331][    T1] vhci_hcd vhci_hcd.10: USB/IP Virtual Host Controller
[   11.870410][    T1] vhci_hcd vhci_hcd.10: new USB bus registered, assigned bus number 30
[   11.872757][    T1] usb usb30: We don't know the algorithms for LPM for this host, disabling LPM.
[   11.873782][    T1] usb usb30: New USB device found, idVendor=1d6b, idProduct=0003, bcdDevice= 6.01
[   11.873994][    T1] usb usb30: New USB device strings: Mfr=3, Product=2, SerialNumber=1
[   11.874121][    T1] usb usb30: Product: USB/IP Virtual Host Controller
[   11.875075][    T1] usb usb30: Manufacturer: Linux 6.1.0-dirty vhci_hcd
[   11.876328][    T1] usb usb30: SerialNumber: vhci_hcd.10
[   11.885847][    T1] hub 30-0:1.0: USB hub found
[   11.887708][    T1] hub 30-0:1.0: 8 ports detected
[   11.903468][    T1] vhci_hcd vhci_hcd.11: USB/IP Virtual Host Controller
[   11.905510][    T1] vhci_hcd vhci_hcd.11: new USB bus registered, assigned bus number 31
[   11.919897][    T1] usb usb31: New USB device found, idVendor=1d6b, idProduct=0002, bcdDevice= 6.01
[   11.920174][    T1] usb usb31: New USB device strings: Mfr=3, Product=2, SerialNumber=1
[   11.920314][    T1] usb usb31: Product: USB/IP Virtual Host Controller
[   11.920435][    T1] usb usb31: Manufacturer: Linux 6.1.0-dirty vhci_hcd
[   11.920555][    T1] usb usb31: SerialNumber: vhci_hcd.11
[   11.925921][    T1] hub 31-0:1.0: USB hub found
[   11.926290][    T1] hub 31-0:1.0: 8 ports detected
[   11.937408][    T1] vhci_hcd vhci_hcd.11: USB/IP Virtual Host Controller
[   11.955617][    T1] vhci_hcd vhci_hcd.11: new USB bus registered, assigned bus number 32
[   11.958468][    T1] usb usb32: We don't know the algorithms for LPM for this host, disabling LPM.
[   11.959363][    T1] usb usb32: New USB device found, idVendor=1d6b, idProduct=0003, bcdDevice= 6.01
[   11.959687][    T1] usb usb32: New USB device strings: Mfr=3, Product=2, SerialNumber=1
[   11.959881][    T1] usb usb32: Product: USB/IP Virtual Host Controller
[   11.961217][    T1] usb usb32: Manufacturer: Linux 6.1.0-dirty vhci_hcd
[   11.961326][    T1] usb usb32: SerialNumber: vhci_hcd.11
[   11.966251][    T1] hub 32-0:1.0: USB hub found
[   11.967251][    T1] hub 32-0:1.0: 8 ports detected
[   11.983248][    T1] vhci_hcd vhci_hcd.12: USB/IP Virtual Host Controller
[   11.986233][    T1] vhci_hcd vhci_hcd.12: new USB bus registered, assigned bus number 33
[   11.990942][    T1] usb usb33: New USB device found, idVendor=1d6b, idProduct=0002, bcdDevice= 6.01
[   11.991750][    T1] usb usb33: New USB device strings: Mfr=3, Product=2, SerialNumber=1
[   11.992137][    T1] usb usb33: Product: USB/IP Virtual Host Controller
[   11.994242][    T1] usb usb33: Manufacturer: Linux 6.1.0-dirty vhci_hcd
[   11.994373][    T1] usb usb33: SerialNumber: vhci_hcd.12
[   12.006753][    T1] hub 33-0:1.0: USB hub found
[   12.008597][    T1] hub 33-0:1.0: 8 ports detected
[   12.022356][    T1] vhci_hcd vhci_hcd.12: USB/IP Virtual Host Controller
[   12.024301][    T1] vhci_hcd vhci_hcd.12: new USB bus registered, assigned bus number 34
[   12.025085][    T1] usb usb34: We don't know the algorithms for LPM for this host, disabling LPM.
[   12.026221][    T1] usb usb34: New USB device found, idVendor=1d6b, idProduct=0003, bcdDevice= 6.01
[   12.026615][    T1] usb usb34: New USB device strings: Mfr=3, Product=2, SerialNumber=1
[   12.027047][    T1] usb usb34: Product: USB/IP Virtual Host Controller
[   12.027289][    T1] usb usb34: Manufacturer: Linux 6.1.0-dirty vhci_hcd
[   12.027620][    T1] usb usb34: SerialNumber: vhci_hcd.12
[   12.032226][    T1] hub 34-0:1.0: USB hub found
[   12.032920][    T1] hub 34-0:1.0: 8 ports detected
[   12.050329][    T1] vhci_hcd vhci_hcd.13: USB/IP Virtual Host Controller
[   12.052003][    T1] vhci_hcd vhci_hcd.13: new USB bus registered, assigned bus number 35
[   12.054316][    T1] usb usb35: New USB device found, idVendor=1d6b, idProduct=0002, bcdDevice= 6.01
[   12.055367][    T1] usb usb35: New USB device strings: Mfr=3, Product=2, SerialNumber=1
[   12.055709][    T1] usb usb35: Product: USB/IP Virtual Host Controller
[   12.055809][    T1] usb usb35: Manufacturer: Linux 6.1.0-dirty vhci_hcd
[   12.055907][    T1] usb usb35: SerialNumber: vhci_hcd.13
[   12.064386][    T1] hub 35-0:1.0: USB hub found
[   12.065006][    T1] hub 35-0:1.0: 8 ports detected
[   12.079593][    T1] vhci_hcd vhci_hcd.13: USB/IP Virtual Host Controller
[   12.080988][    T1] vhci_hcd vhci_hcd.13: new USB bus registered, assigned bus number 36
[   12.082680][    T1] usb usb36: We don't know the algorithms for LPM for this host, disabling LPM.
[   12.083598][    T1] usb usb36: New USB device found, idVendor=1d6b, idProduct=0003, bcdDevice= 6.01
[   12.083834][    T1] usb usb36: New USB device strings: Mfr=3, Product=2, SerialNumber=1
[   12.084008][    T1] usb usb36: Product: USB/IP Virtual Host Controller
[   12.084184][    T1] usb usb36: Manufacturer: Linux 6.1.0-dirty vhci_hcd
[   12.084333][    T1] usb usb36: SerialNumber: vhci_hcd.13
[   12.089901][    T1] hub 36-0:1.0: USB hub found
[   12.090279][    T1] hub 36-0:1.0: 8 ports detected
[   12.108318][    T1] vhci_hcd vhci_hcd.14: USB/IP Virtual Host Controller
[   12.112731][    T1] vhci_hcd vhci_hcd.14: new USB bus registered, assigned bus number 37
[   12.113869][    T1] usb usb37: New USB device found, idVendor=1d6b, idProduct=0002, bcdDevice= 6.01
[   12.114033][    T1] usb usb37: New USB device strings: Mfr=3, Product=2, SerialNumber=1
[   12.114258][    T1] usb usb37: Product: USB/IP Virtual Host Controller
[   12.114364][    T1] usb usb37: Manufacturer: Linux 6.1.0-dirty vhci_hcd
[   12.115279][    T1] usb usb37: SerialNumber: vhci_hcd.14
[   12.123141][    T1] hub 37-0:1.0: USB hub found
[   12.123541][    T1] hub 37-0:1.0: 8 ports detected
[   12.135813][    T1] vhci_hcd vhci_hcd.14: USB/IP Virtual Host Controller
[   12.137161][    T1] vhci_hcd vhci_hcd.14: new USB bus registered, assigned bus number 38
[   12.137964][    T1] usb usb38: We don't know the algorithms for LPM for this host, disabling LPM.
[   12.138995][    T1] usb usb38: New USB device found, idVendor=1d6b, idProduct=0003, bcdDevice= 6.01
[   12.139196][    T1] usb usb38: New USB device strings: Mfr=3, Product=2, SerialNumber=1
[   12.139336][    T1] usb usb38: Product: USB/IP Virtual Host Controller
[   12.139439][    T1] usb usb38: Manufacturer: Linux 6.1.0-dirty vhci_hcd
[   12.139540][    T1] usb usb38: SerialNumber: vhci_hcd.14
[   12.144058][    T1] hub 38-0:1.0: USB hub found
[   12.145359][    T1] hub 38-0:1.0: 8 ports detected
[   12.173366][    T1] vhci_hcd vhci_hcd.15: USB/IP Virtual Host Controller
[   12.181477][    T1] vhci_hcd vhci_hcd.15: new USB bus registered, assigned bus number 39
[   12.183412][    T1] usb usb39: New USB device found, idVendor=1d6b, idProduct=0002, bcdDevice= 6.01
[   12.183689][    T1] usb usb39: New USB device strings: Mfr=3, Product=2, SerialNumber=1
[   12.183827][    T1] usb usb39: Product: USB/IP Virtual Host Controller
[   12.183939][    T1] usb usb39: Manufacturer: Linux 6.1.0-dirty vhci_hcd
[   12.184052][    T1] usb usb39: SerialNumber: vhci_hcd.15
[   12.189355][    T1] hub 39-0:1.0: USB hub found
[   12.189763][    T1] hub 39-0:1.0: 8 ports detected
[   12.200226][    T1] vhci_hcd vhci_hcd.15: USB/IP Virtual Host Controller
[   12.201977][    T1] vhci_hcd vhci_hcd.15: new USB bus registered, assigned bus number 40
[   12.203228][    T1] usb usb40: We don't know the algorithms for LPM for this host, disabling LPM.
[   12.205416][    T1] usb usb40: New USB device found, idVendor=1d6b, idProduct=0003, bcdDevice= 6.01
[   12.205597][    T1] usb usb40: New USB device strings: Mfr=3, Product=2, SerialNumber=1
[   12.205789][    T1] usb usb40: Product: USB/IP Virtual Host Controller
[   12.205923][    T1] usb usb40: Manufacturer: Linux 6.1.0-dirty vhci_hcd
[   12.206046][    T1] usb usb40: SerialNumber: vhci_hcd.15
[   12.210525][    T1] hub 40-0:1.0: USB hub found
[   12.210860][    T1] hub 40-0:1.0: 8 ports detected
[   12.224235][    T1] usbcore: registered new device driver usbip-host
[   12.241530][    T1] i8042: PNP: PS/2 Controller [PNP0303:KBD,PNP0f13:MOU] at 0x60,0x64 irq 1,12
[   12.247138][    T1] serio: i8042 KBD port at 0x60,0x64 irq 1
[   12.255143][    T1] serio: i8042 AUX port at 0x60,0x64 irq 12
[   12.260842][    T1] mousedev: PS/2 mouse device common for all mice
[   12.273516][ T1187] input: AT Translated Set 2 keyboard as /devices/platform/i8042/serio0/input/input1
[   12.275781][    T1] usbcore: registered new interface driver appletouch
[   12.277513][    T1] usbcore: registered new interface driver bcm5974
[   12.280292][    T1] usbcore: registered new interface driver synaptics_usb
[   12.281321][    T1] usbcore: registered new interface driver iforce
[   12.289333][    T1] usbcore: registered new interface driver xpad
[   12.300697][    T1] usbcore: registered new interface driver usb_acecad
[   12.301735][    T1] usbcore: registered new interface driver aiptek
[   12.303657][    T1] usbcore: registered new interface driver hanwang
[   12.306185][    T1] usbcore: registered new interface driver kbtab
[   12.309959][    T1] usbcore: registered new interface driver pegasus_notetaker
[   12.312997][    T1] usbcore: registered new interface driver usbtouchscreen
[   12.325203][    T1] usbcore: registered new interface driver sur40
[   12.327426][    T1] usbcore: registered new interface driver ati_remote2
[   12.327652][    T1] cm109: Keymap for Komunikate KIP1000 phone loaded
[   12.329984][    T1] usbcore: registered new interface driver cm109
[   12.330276][    T1] cm109: CM109 phone driver: 20080805 (C) Alfred E. Heggestad
[   12.332400][    T1] usbcore: registered new interface driver ims_pcu
[   12.335910][    T1] usbcore: registered new interface driver keyspan_remote
[   12.338149][    T1] usbcore: registered new interface driver powermate
[   12.342009][    T1] usbcore: registered new interface driver yealink
[   12.361028][    T1] rtc_cmos 00:05: RTC can wake from S4
[   12.379529][    T1] rtc_cmos 00:05: registered as rtc0
[   12.379941][    T1] rtc_cmos 00:05: alarms up to one day, y3k, 242 bytes nvram, hpet irqs
[   12.389106][    T1] i2c_dev: i2c /dev entries driver
[   12.393452][    T1] usbcore: registered new interface driver i2c-diolan-u2c
[   12.397286][    T1] usbcore: registered new interface driver RobotFuzz Open Source InterFace, OSIF
[   12.398318][    T1] usbcore: registered new interface driver i2c-tiny-usb
[   12.411476][    T1] usbcore: registered new interface driver igorplugusb
[   12.412328][    T1] usbcore: registered new interface driver iguanair
[   12.413041][    T1] usbcore: registered new interface driver imon
[   12.413832][    T1] usbcore: registered new interface driver mceusb
[   12.420632][    T1] usbcore: registered new interface driver redrat3
[   12.423590][    T1] usbcore: registered new interface driver streamzap
[   12.424574][    T1] usbcore: registered new interface driver ttusbir
[   12.424574][    T1] usbcore: registered new interface driver ati_remote
[   12.428957][    T1] b2c2-flexcop: B2C2 FlexcopII/II(b)/III digital TV receiver chip loaded successfully
[   12.440686][    T1] usbcore: registered new interface driver b2c2_flexcop_usb
[   12.442644][    T1] usbcore: registered new interface driver dvb_usb_vp7045
[   12.444230][    T1] usbcore: registered new interface driver dvb_usb_vp702x
[   12.446807][    T1] usbcore: registered new interface driver dvb_usb_gp8psk
[   12.448049][    T1] usbcore: registered new interface driver dvb_usb_dtt200u
[   12.449206][    T1] usbcore: registered new interface driver dvb_usb_a800
[   12.451797][    T1] usbcore: registered new interface driver dvb_usb_dibusb_mb
[   12.452761][    T1] usbcore: registered new interface driver dvb_usb_dibusb_mc
[   12.455569][    T1] usbcore: registered new interface driver dvb_usb_nova_t_usb2
[   12.456766][    T1] usbcore: registered new interface driver dvb_usb_umt_010
[   12.458402][    T1] usbcore: registered new interface driver dvb_usb_m920x
[   12.459793][    T1] usbcore: registered new interface driver dvb_usb_digitv
[   12.461165][    T1] usbcore: registered new interface driver dvb_usb_cxusb
[   12.463996][    T1] usbcore: registered new interface driver dvb_usb_ttusb2
[   12.473889][    T1] usbcore: registered new interface driver dvb_usb_dib0700
[   12.477776][    T1] usbcore: registered new interface driver opera1
[   12.479744][    T1] usbcore: registered new interface driver dvb_usb_af9005
[   12.481247][    T1] usbcore: registered new interface driver pctv452e
[   12.482642][    T1] usbcore: registered new interface driver dw2102
[   12.485770][    T1] usbcore: registered new interface driver dvb_usb_dtv5100
[   12.487781][    T1] usbcore: registered new interface driver cinergyT2
[   12.490649][    T1] usbcore: registered new interface driver dvb_usb_az6027
[   12.493472][    T1] usbcore: registered new interface driver dvb_usb_technisat_usb2
[   12.495794][    T1] usbcore: registered new interface driver dvb_usb_af9015
[   12.497628][    T1] usbcore: registered new interface driver dvb_usb_af9035
[   12.499118][    T1] usbcore: registered new interface driver dvb_usb_anysee
[   12.500417][    T1] usbcore: registered new interface driver dvb_usb_au6610
[   12.501663][    T1] usbcore: registered new interface driver dvb_usb_az6007
[   12.502831][    T1] usbcore: registered new interface driver dvb_usb_ce6230
[   12.505212][    T1] usbcore: registered new interface driver dvb_usb_ec168
[   12.506268][    T1] usbcore: registered new interface driver dvb_usb_lmedm04
[   12.508090][    T1] usbcore: registered new interface driver dvb_usb_gl861
[   12.509515][    T1] usbcore: registered new interface driver dvb_usb_mxl111sf
[   12.511231][    T1] usbcore: registered new interface driver dvb_usb_rtl28xxu
[   12.513355][    T1] usbcore: registered new interface driver dvb_usb_dvbsky
[   12.516984][    T1] usbcore: registered new interface driver zd1301
[   12.521121][    T1] usbcore: registered new interface driver s2255
[   12.522203][    T1] usbcore: registered new interface driver smsusb
[   12.532118][    T1] usbcore: registered new interface driver ttusb
[   12.537541][    T1] usbcore: registered new interface driver ttusb-dec
[   12.538747][    T1] usbcore: registered new interface driver Abilis Systems as10x usb driver
[   12.540021][    T1] usbcore: registered new interface driver airspy
[   12.540294][    T1] gspca_main: v2.14.0 registered
[   12.541400][    T1] usbcore: registered new interface driver benq
[   12.542750][    T1] usbcore: registered new interface driver conex
[   12.545311][    T1] usbcore: registered new interface driver cpia1
[   12.546365][    T1] usbcore: registered new interface driver dtcs033
[   12.547123][    T1] usbcore: registered new interface driver etoms
[   12.548082][    T1] usbcore: registered new interface driver finepix
[   12.549120][    T1] usbcore: registered new interface driver jeilinj
[   12.550166][    T1] usbcore: registered new interface driver jl2005bcd
[   12.551280][    T1] usbcore: registered new interface driver kinect
[   12.552258][    T1] usbcore: registered new interface driver konica
[   12.553345][    T1] usbcore: registered new interface driver mars
[   12.555077][    T1] usbcore: registered new interface driver mr97310a
[   12.556027][    T1] usbcore: registered new interface driver nw80x
[   12.557040][    T1] usbcore: registered new interface driver ov519
[   12.558394][    T1] usbcore: registered new interface driver ov534
[   12.561364][    T1] usbcore: registered new interface driver ov534_9
[   12.565732][    T1] usbcore: registered new interface driver pac207
[   12.566684][    T1] usbcore: registered new interface driver gspca_pac7302
[   12.567617][    T1] usbcore: registered new interface driver pac7311
[   12.569438][    T1] usbcore: registered new interface driver se401
[   12.570446][    T1] usbcore: registered new interface driver sn9c2028
[   12.571422][    T1] usbcore: registered new interface driver gspca_sn9c20x
[   12.573535][    T1] usbcore: registered new interface driver sonixb
[   12.575552][    T1] usbcore: registered new interface driver sonixj
[   12.576519][    T1] usbcore: registered new interface driver spca500
[   12.577622][    T1] usbcore: registered new interface driver spca501
[   12.578813][    T1] usbcore: registered new interface driver spca505
[   12.580071][    T1] usbcore: registered new interface driver spca506
[   12.581252][    T1] usbcore: registered new interface driver spca508
[   12.582332][    T1] usbcore: registered new interface driver spca561
[   12.583910][    T1] usbcore: registered new interface driver spca1528
[   12.585322][    T1] usbcore: registered new interface driver sq905
[   12.599152][    T1] usbcore: registered new interface driver sq905c
[   12.601609][    T1] usbcore: registered new interface driver sq930x
[   12.604833][    T1] usbcore: registered new interface driver sunplus
[   12.609861][    T1] usbcore: registered new interface driver stk014
[   12.611986][    T1] usbcore: registered new interface driver stk1135
[   12.614869][    T1] usbcore: registered new interface driver stv0680
[   12.615800][    T1] usbcore: registered new interface driver t613
[   12.616745][    T1] usbcore: registered new interface driver gspca_topro
[   12.618464][    T1] usbcore: registered new interface driver touptek
[   12.625051][    T1] usbcore: registered new interface driver tv8532
[   12.626202][    T1] usbcore: registered new interface driver vc032x
[   12.627444][    T1] usbcore: registered new interface driver vicam
[   12.629357][    T1] usbcore: registered new interface driver xirlink-cit
[   12.630638][    T1] usbcore: registered new interface driver gspca_zc3xx
[   12.634323][    T1] usbcore: registered new interface driver ALi m5602
[   12.637160][    T1] usbcore: registered new interface driver STV06xx
[   12.638500][    T1] usbcore: registered new interface driver gspca_gl860
[   12.639888][    T1] usbcore: registered new interface driver hackrf
[   12.641040][    T1] usbcore: registered new interface driver msi2500
[   12.642200][    T1] usbcore: registered new interface driver Philips webcam
[   12.643501][    T1] usbcore: registered new interface driver uvcvideo
[   12.643730][    T1] au0828: au0828 driver loaded
[   12.645627][    T1] usbcore: registered new interface driver au0828
[   12.646928][    T1] usbcore: registered new interface driver cx231xx
[   12.648738][    T1] usbcore: registered new interface driver em28xx
[   12.649507][    T1] em28xx: Registered (Em28xx v4l2 Extension) extension
[   12.649730][    T1] em28xx: Registered (Em28xx Audio Extension) extension
[   12.649894][    T1] em28xx: Registered (Em28xx dvb Extension) extension
[   12.650049][    T1] em28xx: Registered (Em28xx Input Extension) extension
[   12.655521][    T1] usbcore: registered new interface driver go7007
[   12.656623][    T1] usbcore: registered new interface driver go7007-loader
[   12.658736][    T1] usbcore: registered new interface driver hdpvr
[   12.661813][    T1] usbcore: registered new interface driver pvrusb2
[   12.662196][    T1] pvrusb2: V4L in-tree version:Hauppauge WinTV-PVR-USB2 MPEG2 Encoder/Tuner
[   12.662537][    T1] pvrusb2: Debug mask is 31 (0x1f)
[   12.673710][    T1] usbcore: registered new interface driver stk1160
[   12.675488][    T1] usbcore: registered new interface driver usbtv
[   12.687200][    T1] dvbdev: DVB: registering new adapter (dvb_vidtv_bridge)
[   12.698505][    T1] i2c i2c-0: DVB: registering adapter 0 frontend 0 (Dummy demod for DVB-T/T2/C/S/S2)...
[   12.699823][    T1] dvbdev: dvb_create_media_entity: media entity 'Dummy demod for DVB-T/T2/C/S/S2' registered.
[   12.723056][    T1] dvbdev: dvb_create_media_entity: media entity 'dvb-demux' registered.
[   12.732412][    T1] vidtv vidtv.0: Successfully initialized vidtv!
[   12.741207][    T1] vicodec vicodec.0: Device 'stateful-encoder' registered as /dev/video0
[   12.743546][    T1] vicodec vicodec.0: Device 'stateful-decoder' registered as /dev/video1
[   12.748505][    T1] vicodec vicodec.0: Device 'stateless-decoder' registered as /dev/video2
[   12.754549][    T1] vim2m vim2m.0: Device registered as /dev/video0
[   12.769817][ T1187] input: ImExPS/2 Generic Explorer Mouse as /devices/platform/i8042/serio1/input/input3
[   12.843296][    T1] vivid-000: using single planar format API
[   12.906606][    T1] vivid-000: CEC adapter cec0 registered for HDMI input 0
[   12.908795][    T1] vivid-000: V4L2 capture device registered as video7
[   12.914351][    T1] vivid-000: CEC adapter cec1 registered for HDMI output 0
[   12.915930][    T1] vivid-000: V4L2 output device registered as video8
[   12.917784][    T1] vivid-000: V4L2 capture device registered as vbi0, supports raw and sliced VBI
[   12.921804][    T1] vivid-000: V4L2 output device registered as vbi1, supports raw and sliced VBI
[   12.927041][    T1] vivid-000: V4L2 capture device registered as swradio0
[   12.931479][    T1] vivid-000: V4L2 receiver device registered as radio0
[   12.932942][    T1] vivid-000: V4L2 transmitter device registered as radio1
[   12.934895][    T1] vivid-000: V4L2 metadata capture device registered as video9
[   12.936684][    T1] vivid-000: V4L2 metadata output device registered as video10
